Archive member included to satisfy reference by file (symbol)

C:/Program Files (x86)/Arm GNU Toolchain arm-none-eabi/14.3 rel1/bin/../lib/gcc/arm-none-eabi/14.3.1/../../../../arm-none-eabi/lib/thumb/v6-m/nofp\libc_nano.a(libc_a-exit.o)
                              C:/Program Files (x86)/Arm GNU Toolchain arm-none-eabi/14.3 rel1/bin/../lib/gcc/arm-none-eabi/14.3.1/../../../../arm-none-eabi/lib/thumb/v6-m/nofp/crt0.o (exit)
C:/Program Files (x86)/Arm GNU Toolchain arm-none-eabi/14.3 rel1/bin/../lib/gcc/arm-none-eabi/14.3.1/../../../../arm-none-eabi/lib/thumb/v6-m/nofp\libc_nano.a(libc_a-findfp.o)
                              C:/Program Files (x86)/Arm GNU Toolchain arm-none-eabi/14.3 rel1/bin/../lib/gcc/arm-none-eabi/14.3.1/../../../../arm-none-eabi/lib/thumb/v6-m/nofp\libc_nano.a(libc_a-exit.o) (__stdio_exit_handler)
C:/Program Files (x86)/Arm GNU Toolchain arm-none-eabi/14.3 rel1/bin/../lib/gcc/arm-none-eabi/14.3.1/../../../../arm-none-eabi/lib/thumb/v6-m/nofp\libc_nano.a(libc_a-fwalk.o)
                              C:/Program Files (x86)/Arm GNU Toolchain arm-none-eabi/14.3 rel1/bin/../lib/gcc/arm-none-eabi/14.3.1/../../../../arm-none-eabi/lib/thumb/v6-m/nofp\libc_nano.a(libc_a-findfp.o) (_fwalk_sglue)
C:/Program Files (x86)/Arm GNU Toolchain arm-none-eabi/14.3 rel1/bin/../lib/gcc/arm-none-eabi/14.3.1/../../../../arm-none-eabi/lib/thumb/v6-m/nofp\libc_nano.a(libc_a-setvbuf.o)
                              Project/py32f002bxx_Start_Kit.o (setvbuf)
C:/Program Files (x86)/Arm GNU Toolchain arm-none-eabi/14.3 rel1/bin/../lib/gcc/arm-none-eabi/14.3.1/../../../../arm-none-eabi/lib/thumb/v6-m/nofp\libc_nano.a(libc_a-stdio.o)
                              C:/Program Files (x86)/Arm GNU Toolchain arm-none-eabi/14.3 rel1/bin/../lib/gcc/arm-none-eabi/14.3.1/../../../../arm-none-eabi/lib/thumb/v6-m/nofp\libc_nano.a(libc_a-findfp.o) (__sread)
C:/Program Files (x86)/Arm GNU Toolchain arm-none-eabi/14.3 rel1/bin/../lib/gcc/arm-none-eabi/14.3.1/../../../../arm-none-eabi/lib/thumb/v6-m/nofp\libc_nano.a(libc_a-memset.o)
                              C:/Program Files (x86)/Arm GNU Toolchain arm-none-eabi/14.3 rel1/bin/../lib/gcc/arm-none-eabi/14.3.1/../../../../arm-none-eabi/lib/thumb/v6-m/nofp/crt0.o (memset)
C:/Program Files (x86)/Arm GNU Toolchain arm-none-eabi/14.3 rel1/bin/../lib/gcc/arm-none-eabi/14.3.1/../../../../arm-none-eabi/lib/thumb/v6-m/nofp\libc_nano.a(libc_a-closer.o)
                              C:/Program Files (x86)/Arm GNU Toolchain arm-none-eabi/14.3 rel1/bin/../lib/gcc/arm-none-eabi/14.3.1/../../../../arm-none-eabi/lib/thumb/v6-m/nofp\libc_nano.a(libc_a-stdio.o) (_close_r)
C:/Program Files (x86)/Arm GNU Toolchain arm-none-eabi/14.3 rel1/bin/../lib/gcc/arm-none-eabi/14.3.1/../../../../arm-none-eabi/lib/thumb/v6-m/nofp\libc_nano.a(libc_a-reent.o)
                              C:/Program Files (x86)/Arm GNU Toolchain arm-none-eabi/14.3 rel1/bin/../lib/gcc/arm-none-eabi/14.3.1/../../../../arm-none-eabi/lib/thumb/v6-m/nofp\libc_nano.a(libc_a-closer.o) (errno)
C:/Program Files (x86)/Arm GNU Toolchain arm-none-eabi/14.3 rel1/bin/../lib/gcc/arm-none-eabi/14.3.1/../../../../arm-none-eabi/lib/thumb/v6-m/nofp\libc_nano.a(libc_a-impure.o)
                              Project/py32f002bxx_Start_Kit.o (_impure_ptr)
C:/Program Files (x86)/Arm GNU Toolchain arm-none-eabi/14.3 rel1/bin/../lib/gcc/arm-none-eabi/14.3.1/../../../../arm-none-eabi/lib/thumb/v6-m/nofp\libc_nano.a(libc_a-lseekr.o)
                              C:/Program Files (x86)/Arm GNU Toolchain arm-none-eabi/14.3 rel1/bin/../lib/gcc/arm-none-eabi/14.3.1/../../../../arm-none-eabi/lib/thumb/v6-m/nofp\libc_nano.a(libc_a-stdio.o) (_lseek_r)
C:/Program Files (x86)/Arm GNU Toolchain arm-none-eabi/14.3 rel1/bin/../lib/gcc/arm-none-eabi/14.3.1/../../../../arm-none-eabi/lib/thumb/v6-m/nofp\libc_nano.a(libc_a-readr.o)
                              C:/Program Files (x86)/Arm GNU Toolchain arm-none-eabi/14.3 rel1/bin/../lib/gcc/arm-none-eabi/14.3.1/../../../../arm-none-eabi/lib/thumb/v6-m/nofp\libc_nano.a(libc_a-stdio.o) (_read_r)
C:/Program Files (x86)/Arm GNU Toolchain arm-none-eabi/14.3 rel1/bin/../lib/gcc/arm-none-eabi/14.3.1/../../../../arm-none-eabi/lib/thumb/v6-m/nofp\libc_nano.a(libc_a-writer.o)
                              C:/Program Files (x86)/Arm GNU Toolchain arm-none-eabi/14.3 rel1/bin/../lib/gcc/arm-none-eabi/14.3.1/../../../../arm-none-eabi/lib/thumb/v6-m/nofp\libc_nano.a(libc_a-stdio.o) (_write_r)
C:/Program Files (x86)/Arm GNU Toolchain arm-none-eabi/14.3 rel1/bin/../lib/gcc/arm-none-eabi/14.3.1/../../../../arm-none-eabi/lib/thumb/v6-m/nofp\libc_nano.a(libc_a-init.o)
                              C:/Program Files (x86)/Arm GNU Toolchain arm-none-eabi/14.3 rel1/bin/../lib/gcc/arm-none-eabi/14.3.1/../../../../arm-none-eabi/lib/thumb/v6-m/nofp/crt0.o (__libc_init_array)
C:/Program Files (x86)/Arm GNU Toolchain arm-none-eabi/14.3 rel1/bin/../lib/gcc/arm-none-eabi/14.3.1/../../../../arm-none-eabi/lib/thumb/v6-m/nofp\libc_nano.a(libc_a-lock.o)
[...]
Memory Configuration

Name             Origin             Length             Attributes
RAM              0x20000000         0x00000c00         xrw
FLASH            0x08000000         0x00006000         xr
*default*        0x00000000         0xffffffff

Linker script and memory map

LOAD C:/Program Files (x86)/Arm GNU Toolchain arm-none-eabi/14.3 rel1/bin/../lib/gcc/arm-none-eabi/14.3.1/thumb/v6-m/nofp/crti.o
LOAD C:/Program Files (x86)/Arm GNU Toolchain arm-none-eabi/14.3 rel1/bin/../lib/gcc/arm-none-eabi/14.3.1/thumb/v6-m/nofp/crtbegin.o
LOAD C:/Program Files (x86)/Arm GNU Toolchain arm-none-eabi/14.3 rel1/bin/../lib/gcc/arm-none-eabi/14.3.1/../../../../arm-none-eabi/lib/thumb/v6-m/nofp/crt0.o
LOAD Project/main.o
LOAD Project/py32f002b_hal_msp.o
LOAD Project/py32f002b_it.o
LOAD Project/system_py32f002b.o
LOAD Project/tm1637.o
LOAD Project/menu.o
LOAD Project/button.o
LOAD Project/vset_wake.o
LOAD Project/charger_control.o
LOAD Project/charger_adc.o
LOAD Project/charger_sm.o
LOAD Project/battery.o
LOAD Project/soc.o
LOAD Project/py32f002bxx_Start_Kit.o
LOAD Project/py32f002b_hal.o
LOAD Project/py32f002b_hal_rcc.o
LOAD Project/py32f002b_hal_rcc_ex.o
LOAD Project/py32f002b_hal_gpio.o
LOAD Project/py32f002b_hal_pwr.o
LOAD Project/py32f002b_hal_uart.o
LOAD Project/py32f002b_hal_cortex.o
LOAD Project/py32f002b_hal_adc.o
LOAD Project/startup_py32f002bxx.o
LOAD C:/Program Files (x86)/Arm GNU Toolchain arm-none-eabi/14.3 rel1/bin/../lib/gcc/arm-none-eabi/14.3.1/../../../../arm-none-eabi/lib/thumb/v6-m/nofp\libc_nano.a
LOAD C:/Program Files (x86)/Arm GNU Toolchain arm-none-eabi/14.3 rel1/bin/../lib/gcc/arm-none-eabi/14.3.1/../../../../arm-none-eabi/lib/thumb/v6-m/nofp\libm.a
LOAD C:/Program Files (x86)/Arm GNU Toolchain arm-none-eabi/14.3 rel1/bin/../lib/gcc/arm-none-eabi/14.3.1/../../../../arm-none-eabi/lib/thumb/v6-m/nofp\libnosys.a
START GROUP
LOAD C:/Program Files (x86)/Arm GNU Toolchain arm-none-eabi/14.3 rel1/bin/../lib/gcc/arm-none-eabi/14.3.1/thumb/v6-m/nofp\libgcc.a
LOAD C:/Program Files (x86)/Arm GNU Toolchain arm-none-eabi/14.3 rel1/bin/../lib/gcc/arm-none-eabi/14.3.1/../../../../arm-none-eabi/lib/thumb/v6-m/nofp\libc_nano.a
END GROUP
START GROUP
LOAD C:/Program Files (x86)/Arm GNU Toolchain arm-none-eabi/14.3 rel1/bin/../lib/gcc/arm-none-eabi/14.3.1/thumb/v6-m/nofp\libgcc.a
LOAD C:/Program Files (x86)/Arm GNU Toolchain arm-none-eabi/14.3 rel1/bin/../lib/gcc/arm-none-eabi/14.3.1/../../../../arm-none-eabi/lib/thumb/v6-m/nofp\libc_nano.a
END GROUP
LOAD C:/Program Files (x86)/Arm GNU Toolchain arm-none-eabi/14.3 rel1/bin/../lib/gcc/arm-none-eabi/14.3.1/thumb/v6-m/nofp/crtend.o
LOAD C:/Program Files (x86)/Arm GNU Toolchain arm-none-eabi/14.3 rel1/bin/../lib/gcc/arm-none-eabi/14.3.1/thumb/v6-m/nofp/crtn.o
                0x20000c00                        _estack = (ORIGIN (RAM) + LENGTH (RAM))
                0x00000000                        _Min_Heap_Size = 0x0
                0x00000400                        _Min_Stack_Size = 0x400

.isr_vector     0x08000000       0xc0
                0x08000000                        . = ALIGN (0x4)
 *(.isr_vector)
 .isr_vector    0x08000000       0xc0 Project/startup_py32f002bxx.o
                0x08000000                g_pfnVectors
                0x080000c0                        . = ALIGN (0x4)

.text           0x080000c0     0x1768
                0x080000c0                        . = ALIGN (0x4)
 *(.text)
 .text          0x080000c0      0x114 C:/Program Files (x86)/Arm GNU Toolchain arm-none-eabi/14.3 rel1/bin/../lib/gcc/arm-none-eabi/14.3.1/thumb/v6-m/nofp\libgcc.a(_udivsi3.o)
                0x080000c0                __aeabi_uidiv
                0x080000c0                __udivsi3
                0x080001cc                __aeabi_uidivmod
 .text          0x080001d4      0x1d4 C:/Program Files (x86)/Arm GNU Toolchain arm-none-eabi/14.3 rel1/bin/../lib/gcc/arm-none-eabi/14.3.1/thumb/v6-m/nofp\libgcc.a(_divsi3.o)
                0x080001d4                __divsi3
                0x080001d4                __aeabi_idiv
                0x080003a0                __aeabi_idivmod
 .text          0x080003a8        0x4 C:/Program Files (x86)/Arm GNU Toolchain arm-none-eabi/14.3 rel1/bin/../lib/gcc/arm-none-eabi/14.3.1/thumb/v6-m/nofp\libgcc.a(_dvmd_tls.o)
                0x080003a8                __aeabi_idiv0
                0x080003a8                __aeabi_ldiv0
 *(.text*)
 .text.deregister_tm_clones
                0x080003ac       0x20 C:/Program Files (x86)/Arm GNU Toolchain arm-none-eabi/14.3 rel1/bin/../lib/gcc/arm-none-eabi/14.3.1/thumb/v6-m/nofp/crtbegin.o
 .text.register_tm_clones
                0x080003cc       0x28 C:/Program Files (x86)/Arm GNU Toolchain arm-none-eabi/14.3 rel1/bin/../lib/gcc/arm-none-eabi/14.3.1/thumb/v6-m/nofp/crtbegin.o
 .text.__do_global_dtors_aux
                0x080003f4       0x2c C:/Program Files (x86)/Arm GNU Toolchain arm-none-eabi/14.3 rel1/bin/../lib/gcc/arm-none-eabi/14.3.1/thumb/v6-m/nofp/crtbegin.o
 .text.frame_dummy
                0x08000420       0x24 C:/Program Files (x86)/Arm GNU Toolchain arm-none-eabi/14.3 rel1/bin/../lib/gcc/arm-none-eabi/14.3.1/thumb/v6-m/nofp/crtbegin.o
 .text.SystemInit_GPIO
                0x08000444       0x8c Project/main.o
 .text.SystemInit_Timer
                0x080004d0       0x2c Project/main.o
 .text.Task_100ms
                0x080004fc       0x2e Project/main.o
 .text.UpdateLED
                0x0800052a       0x12 Project/main.o
 .text.UpdateFan
                0x0800053c       0x1e Project/main.o
 .text.UpdateTL494
                0x0800055a       0x1e Project/main.o
 .text.CheckACPower
                0x08000578       0x40 Project/main.o
 .text.SystemInit_ADC
                0x080005b8       0x3e Project/main.o
 *fill*         0x080005f6        0x2 
 .text.ChargerInit
                0x080005f8       0x80 Project/main.o
 .text.Task_10ms
                0x08000678       0x54 Project/main.o
 .text.Task_1sec
                0x080006cc       0x60 Project/main.o
 .text.main     0x0800072c       0x2c Project/main.o
                0x0800072c                main
 .text.UpdateDisplay
                0x08000758       0x78 Project/main.o
 .text.App_SysTickHandler
                0x080007d0       0x64 Project/main.o
                0x080007d0                App_SysTickHandler
 .text.NMI_Handler
                0x08000834        0x2 Project/py32f002b_it.o
                0x08000834                NMI_Handler
 .text.HardFault_Handler
                0x08000836        0x2 Project/py32f002b_it.o
                0x08000836                HardFault_Handler
 .text.SVC_Handler
                0x08000838        0x2 Project/py32f002b_it.o
                0x08000838                SVC_Handler
 .text.PendSV_Handler
                0x0800083a        0x2 Project/py32f002b_it.o
                0x0800083a                PendSV_Handler
 .text.SysTick_Handler
                0x0800083c        0xc Project/py32f002b_it.o
                0x0800083c                SysTick_Handler
 .text.DelayTime
                0x08000848       0x1c Project/system_py32f002b.o
 .text.SystemInit
                0x08000864       0x54 Project/system_py32f002b.o
                0x08000864                SystemInit
 .text.Delay    0x080008b8       0x18 Project/tm1637.o
 .text.CLK_HIGH
                0x080008d0       0x14 Project/tm1637.o
 .text.DIO_HIGH
                0x080008e4       0x14 Project/tm1637.o
 .text.DIO_LOW  0x080008f8       0x14 Project/tm1637.o
 .text.CLK_LOW  0x0800090c       0x14 Project/tm1637.o
 .text.Start    0x08000920       0x1c Project/tm1637.o
 .text.WriteByte
                0x0800093c       0x4a Project/tm1637.o
 .text.Stop     0x08000986       0x20 Project/tm1637.o
 .text.TM1637_Init
                0x080009a6        0xc Project/tm1637.o
                0x080009a6                TM1637_Init
 *fill*         0x080009b2        0x2 
 .text.TM1637_DisplayRaw
                0x080009b4       0x50 Project/tm1637.o
                0x080009b4                TM1637_DisplayRaw
 .text.TM1637_DisplayNumber
                0x08000a04       0x68 Project/tm1637.o
                0x08000a04                TM1637_DisplayNumber
 .text.TM1637_DisplayVoltage
                0x08000a6c       0x64 Project/tm1637.o
                0x08000a6c                TM1637_DisplayVoltage
 .text.TM1637_DisplayCurrent
                0x08000ad0       0x60 Project/tm1637.o
                0x08000ad0                TM1637_DisplayCurrent
 .text.MenuVsetToMv
                0x08000b30        0x8 Project/menu.o
 .text.Menu_ApplySelection
                0x08000b38       0x4c Project/menu.o
 .text.Menu_Init
                0x08000b84       0x38 Project/menu.o
                0x08000b84                Menu_Init
 .text.Menu_Task
                0x08000bbc       0x8c Project/menu.o
                0x08000bbc                Menu_Task
 .text.Menu_UpdateDisplay
                0x08000c48       0x40 Project/menu.o
                0x08000c48                Menu_UpdateDisplay
 .text.Menu_NextItem
                0x08000c88       0x68 Project/menu.o
                0x08000c88                Menu_NextItem
 .text.Menu_ToggleMode
                0x08000cf0       0x44 Project/menu.o
                0x08000cf0                Menu_ToggleMode
 .text.Menu_IsActive
                0x08000d34        0xc Project/menu.o
                0x08000d34                Menu_IsActive
 .text.Button_Read
                0x08000d40       0x14 Project/button.o
 .text.Button_Init
                0x08000d54       0x14 Project/button.o
                0x08000d54                Button_Init
 .text.Button_Task
                0x08000d68       0x5c Project/button.o
                0x08000d68                Button_Task
 .text.ADC_Init
                0x08000dc4       0x78 Project/charger_adc.o
                0x08000dc4                ADC_Init
 .text.ADC_GetMeasurement
                0x08000e3c       0x2c Project/charger_adc.o
                0x08000e3c                ADC_GetMeasurement
 .text.ADC_StartConversion
                0x08000e68        0x2 Project/charger_adc.o
                0x08000e68                ADC_StartConversion
 .text.ADC_GetACVoltage
                0x08000e6a        0x4 Project/charger_adc.o
                0x08000e6a                ADC_GetACVoltage
 *fill*         0x08000e6e        0x2 
 .text.CalculateSOC
                0x08000e70       0x68 Project/charger_sm.o
 .text.CheckFaults
                0x08000ed8       0x78 Project/charger_sm.o
 .text.State_PowerOn
                0x08000f50       0x28 Project/charger_sm.o
 .text.State_VsetWake
                0x08000f78       0x88 Project/charger_sm.o
 .text.State_Precharge
                0x08001000       0x38 Project/charger_sm.o
 .text.State_DeepDischarge
                0x08001038       0x38 Project/charger_sm.o
 .text.State_Softstart
                0x08001070       0x50 Project/charger_sm.o
 .text.State_CC
                0x080010c0       0x2c Project/charger_sm.o
 .text.State_CV
                0x080010ec       0x70 Project/charger_sm.o
 .text.State_ChargeComplete
                0x0800115c       0x1c Project/charger_sm.o
 .text.State_Standby
                0x08001178       0x1c Project/charger_sm.o
 .text.State_Fault
                0x08001194       0x1c Project/charger_sm.o
 .text.ApplyThermalDerating
                0x080011b0       0x60 Project/charger_sm.o
 .text.CheckACInputProtection
                0x08001210       0x5c Project/charger_sm.o
 .text.ChargerSM_Init
                0x0800126c       0x68 Project/charger_sm.o
                0x0800126c                ChargerSM_Init
 .text.ChargerSM_Task
                0x080012d4       0xf0 Project/charger_sm.o
                0x080012d4                ChargerSM_Task
 .text.ChargerSM_SetVset
                0x080013c4       0x34 Project/charger_sm.o
                0x080013c4                ChargerSM_SetVset
 .text.ChargerSM_SetCset
                0x080013f8       0x1c Project/charger_sm.o
                0x080013f8                ChargerSM_SetCset
 .text.ChargerSM_ACOnEvent
                0x08001414       0x20 Project/charger_sm.o
                0x08001414                ChargerSM_ACOnEvent
 .text.ChargerSM_ACOffEvent
                0x08001434       0x10 Project/charger_sm.o
                0x08001434                ChargerSM_ACOffEvent
 .text.ChargerSM_GetState
                0x08001444        0xc Project/charger_sm.o
                0x08001444                ChargerSM_GetState
 .text.ChargerSM_GetFault
                0x08001450        0xc Project/charger_sm.o
                0x08001450                ChargerSM_GetFault
 .text.ChargerSM_IsFanEnabled
                0x0800145c        0xc Project/charger_sm.o
                0x0800145c                ChargerSM_IsFanEnabled
 .text.ChargerSM_IsCharging
                0x08001468       0x2c Project/charger_sm.o
                0x08001468                ChargerSM_IsCharging
 .text.ChargerSM_IsPWMEnabled
                0x08001494        0xc Project/charger_sm.o
                0x08001494                ChargerSM_IsPWMEnabled
 .text.ClassifyBattery
                0x080014a0       0x2c Project/battery.o
 .text.Battery_Init
                0x080014cc       0x38 Project/battery.o
                0x080014cc                Battery_Init
 .text.Battery_Update
                0x08001504       0x68 Project/battery.o
                0x08001504                Battery_Update
 .text.Battery_SetVset
                0x0800156c       0x44 Project/battery.o
                0x0800156c                Battery_SetVset
 .text.InterpolateSOC
                0x080015b0       0x34 Project/soc.o
 .text.CalculateRawSOC
                0x080015e4       0x68 Project/soc.o
 .text.SOC_Init
                0x0800164c       0x40 Project/soc.o
                0x0800164c                SOC_Init
 .text.SOC_Update
                0x0800168c       0x68 Project/soc.o
                0x0800168c                SOC_Update
 .text.SOC_SetVset
                0x080016f4       0x20 Project/soc.o
                0x080016f4                SOC_SetVset
 .text.SOC_GetDisplaySOC
                0x08001714        0xc Project/soc.o
                0x08001714                SOC_GetDisplaySOC
 .text.SOC_IsQualified
                0x08001720        0xc Project/soc.o
                0x08001720                SOC_IsQualified
 .text.HAL_IncTick
                0x0800172c       0x18 Project/py32f002b_hal.o
                0x0800172c                HAL_IncTick
 .text.HAL_GPIO_WritePin
                0x08001744        0xc Project/py32f002b_hal_gpio.o
                0x08001744                HAL_GPIO_WritePin
 .text.Reset_Handler
                0x08001750       0x50 Project/startup_py32f002bxx.o
                0x08001750                Reset_Handler
 .text.Default_Handler
                0x080017a0        0x2 Project/startup_py32f002bxx.o
                0x080017a0                TIM1_CC_IRQHandler
                0x080017a0                I2C1_IRQHandler
                0x080017a0                SPI1_IRQHandler
                0x080017a0                EXTI2_3_IRQHandler
                0x080017a0                EXTI4_15_IRQHandler
                0x080017a0                RCC_IRQHandler
                0x080017a0                Default_Handler
                0x080017a0                TIM14_IRQHandler
                0x080017a0                EXTI0_1_IRQHandler
                0x080017a0                ADC_COMP_IRQHandler
                0x080017a0                FLASH_IRQHandler
                0x080017a0                USART1_IRQHandler
                0x080017a0                TIM1_BRK_UP_TRG_COM_IRQHandler
                0x080017a0                LPTIM1_IRQHandler
 .text.memset   0x080017a2       0x10 C:/Program Files (x86)/Arm GNU Toolchain arm-none-eabi/14.3 rel1/bin/../lib/gcc/arm-none-eabi/14.3.1/../../../../arm-none-eabi/lib/thumb/v6-m/nofp\libc_nano.a(libc_a-memset.o)
                0x080017a2                memset
 *fill*         0x080017b2        0x2 
 .text.__libc_init_array
                0x080017b4       0x48 C:/Program Files (x86)/Arm GNU Toolchain arm-none-eabi/14.3 rel1/bin/../lib/gcc/arm-none-eabi/14.3.1/../../../../arm-none-eabi/lib/thumb/v6-m/nofp\libc_nano.a(libc_a-init.o)
                0x080017b4                __libc_init_array
 .text.memcpy   0x080017fc       0x12 C:/Program Files (x86)/Arm GNU Toolchain arm-none-eabi/14.3 rel1/bin/../lib/gcc/arm-none-eabi/14.3.1/../../../../arm-none-eabi/lib/thumb/v6-m/nofp\libc_nano.a(libc_a-memcpy-stub.o)
                0x080017fc                memcpy
 *(.glue_7)
 .glue_7        0x0800180e        0x0 linker stubs
 *(.glue_7t)
 .glue_7t       0x0800180e        0x0 linker stubs
 *(.eh_frame)
 *fill*         0x0800180e        0x2 
 .eh_frame      0x08001810        0x0 C:/Program Files (x86)/Arm GNU Toolchain arm-none-eabi/14.3 rel1/bin/../lib/gcc/arm-none-eabi/14.3.1/thumb/v6-m/nofp/crtbegin.o
 *(.init)
 .init          0x08001810        0x4 C:/Program Files (x86)/Arm GNU Toolchain arm-none-eabi/14.3 rel1/bin/../lib/gcc/arm-none-eabi/14.3.1/thumb/v6-m/nofp/crti.o
                0x08001810                _init
 .init          0x08001814        0x8 C:/Program Files (x86)/Arm GNU Toolchain arm-none-eabi/14.3 rel1/bin/../lib/gcc/arm-none-eabi/14.3.1/thumb/v6-m/nofp/crtn.o
 *(.fini)
 .fini          0x0800181c        0x4 C:/Program Files (x86)/Arm GNU Toolchain arm-none-eabi/14.3 rel1/bin/../lib/gcc/arm-none-eabi/14.3.1/thumb/v6-m/nofp/crti.o
                0x0800181c                _fini
 .fini          0x08001820        0x8 C:/Program Files (x86)/Arm GNU Toolchain arm-none-eabi/14.3 rel1/bin/../lib/gcc/arm-none-eabi/14.3.1/thumb/v6-m/nofp/crtn.o
                0x08001828                        . = ALIGN (0x4)
                0x08001828                        _etext = .

.vfp11_veneer   0x08001828        0x0
 .vfp11_veneer  0x08001828        0x0 linker stubs

.v4_bx          0x08001828        0x0
 .v4_bx         0x08001828        0x0 linker stubs

.iplt           0x08001828        0x0
 .iplt          0x08001828        0x0 C:/Program Files (x86)/Arm GNU Toolchain arm-none-eabi/14.3 rel1/bin/../lib/gcc/arm-none-eabi/14.3.1/thumb/v6-m/nofp/crtbegin.o

.rodata         0x08001828      0x134
                0x08001828                        . = ALIGN (0x4)
 *(.rodata)
 .rodata        0x08001828       0x1c Project/main.o
 *(.rodata*)
 .rodata.UpdateDisplay
                0x08001844       0x14 Project/main.o
 .rodata.segTable
                0x08001858        0xa Project/tm1637.o
 *fill*         0x08001862        0x2 
 .rodata.CsetTable
                0x08001864        0xa Project/menu.o
 *fill*         0x0800186e        0x2 
 .rodata.VsetTable
                0x08001870       0x16 Project/menu.o
 *fill*         0x08001886        0x2 
 .rodata.ChargerSM_Task
                0x08001888       0x2c Project/charger_sm.o
 .rodata.soc_lookup_table
                0x080018b4       0x54 Project/charger_sm.o
 .rodata.soc_voltage_table
                0x08001908       0x54 Project/soc.o
                0x0800195c                        . = ALIGN (0x4)

.rel.dyn        0x0800195c        0x0
 .rel.iplt      0x0800195c        0x0 C:/Program Files (x86)/Arm GNU Toolchain arm-none-eabi/14.3 rel1/bin/../lib/gcc/arm-none-eabi/14.3.1/thumb/v6-m/nofp/crtbegin.o

.ARM.extab
 *(.ARM.extab* .gnu.linkonce.armextab.*)

.ARM            0x0800195c        0x0
                0x0800195c                        __exidx_start = .
 *(.ARM.exidx*)
                0x0800195c                        __exidx_end = .

.preinit_array  0x0800195c        0x0
                0x0800195c                        PROVIDE (__preinit_array_start = .)
 *(.preinit_array*)
                0x0800195c                        PROVIDE (__preinit_array_end = .)

.init_array     0x0800195c        0x4
                0x0800195c                        PROVIDE (__init_array_start = .)
 *(SORT_BY_NAME(.init_array.*))
 *(.init_array*)
 .init_array    0x0800195c        0x4 C:/Program Files (x86)/Arm GNU Toolchain arm-none-eabi/14.3 rel1/bin/../lib/gcc/arm-none-eabi/14.3.1/thumb/v6-m/nofp/crtbegin.o
                0x08001960                        PROVIDE (__init_array_end = .)

.fini_array     0x08001960        0x4
                [!provide]                        PROVIDE (__fini_array_start = .)
 *(SORT_BY_NAME(.fini_array.*))
 *(.fini_array*)
 .fini_array    0x08001960        0x4 C:/Program Files (x86)/Arm GNU Toolchain arm-none-eabi/14.3 rel1/bin/../lib/gcc/arm-none-eabi/14.3.1/thumb/v6-m/nofp/crtbegin.o
                [!provide]                        PROVIDE (__fini_array_end = .)
                0x08001964                        _sidata = LOADADDR (.data)

.data           0x20000000        0x8 load address 0x08001964
                0x20000000                        . = ALIGN (0x4)
                0x20000000                        _sdata = .
 *(.data)
 *(.data*)
 .data.brightness
                0x20000000        0x1 Project/tm1637.o
 .data.VsetIndex
                0x20000001        0x1 Project/menu.o
 *fill*         0x20000002        0x2 
 .data.uwTickFreq
                0x20000004        0x4 Project/py32f002b_hal.o
                0x20000004                uwTickFreq
                0x20000008                        . = ALIGN (0x4)
                0x20000008                        _edata = .

.tm_clone_table
                0x20000008        0x0 load address 0x0800196c
 .tm_clone_table
                0x20000008        0x0 C:/Program Files (x86)/Arm GNU Toolchain arm-none-eabi/14.3 rel1/bin/../lib/gcc/arm-none-eabi/14.3.1/thumb/v6-m/nofp/crtbegin.o
 .tm_clone_table
                0x20000008        0x0 C:/Program Files (x86)/Arm GNU Toolchain arm-none-eabi/14.3 rel1/bin/../lib/gcc/arm-none-eabi/14.3.1/thumb/v6-m/nofp/crtend.o

.igot.plt       0x20000008        0x0 load address 0x0800196c
 .igot.plt      0x20000008        0x0 C:/Program Files (x86)/Arm GNU Toolchain arm-none-eabi/14.3 rel1/bin/../lib/gcc/arm-none-eabi/14.3.1/thumb/v6-m/nofp/crtbegin.o
                0x20000008                        . = ALIGN (0x4)

.bss            0x20000008      0x120 load address 0x0800196c
                0x20000008                        _sbss = .
                0x20000008                        __bss_start__ = _sbss
 *(.bss)
 *(.bss*)
 .bss.completed.1
                0x20000008        0x1 C:/Program Files (x86)/Arm GNU Toolchain arm-none-eabi/14.3 rel1/bin/../lib/gcc/arm-none-eabi/14.3.1/thumb/v6-m/nofp/crtbegin.o
 *fill*         0x20000009        0x3 
 .bss.object.0  0x2000000c       0x18 C:/Program Files (x86)/Arm GNU Toolchain arm-none-eabi/14.3 rel1/bin/../lib/gcc/arm-none-eabi/14.3.1/thumb/v6-m/nofp/crtbegin.o
 .bss.ac_was_on.0
                0x20000024        0x1 Project/main.o
 *fill*         0x20000025        0x1 
 .bss.count_1sec.1
                0x20000026        0x2 Project/main.o
 .bss.count_100ms.2
                0x20000028        0x1 Project/main.o
 *fill*         0x20000029        0x3 
 .bss.g_display_timer
                0x2000002c        0x4 Project/main.o
 .bss.g_display_mode
                0x20000030        0x1 Project/main.o
 .bss.g_menu_was_active
                0x20000031        0x1 Project/main.o
 *fill*         0x20000032        0x2 
 .bss.g_systick_ms
                0x20000034        0x4 Project/main.o
 .bss.SaveSequenceStep
                0x20000038        0x1 Project/menu.o
 *fill*         0x20000039        0x1 
 .bss.MenuIdleTimer
                0x2000003a        0x2 Project/menu.o
 .bss.MenuActive
                0x2000003c        0x1 Project/menu.o
 .bss.CsetIndex
                0x2000003d        0x1 Project/menu.o
 .bss.CurrentMode
                0x2000003e        0x1 Project/menu.o
 .bss.LongPressDone
                0x2000003f        0x1 Project/button.o
 .bss.PressCounter
                0x20000040        0x2 Project/button.o
 .bss.g_buffer_index
                0x20000042        0x1 Project/charger_adc.o
 *fill*         0x20000043        0x1 
 .bss.g_temp_ntc_buffer
                0x20000044        0x6 Project/charger_adc.o
 *fill*         0x2000004a        0x2 
 .bss.g_temp_mosfet_buffer
                0x2000004c        0x6 Project/charger_adc.o
 *fill*         0x20000052        0x2 
 .bss.g_ibat_buffer
                0x20000054        0x6 Project/charger_adc.o
 *fill*         0x2000005a        0x2 
 .bss.g_vbat_buffer
                0x2000005c        0x6 Project/charger_adc.o
 .bss.g_has_valid_vbat
                0x20000062        0x1 Project/charger_adc.o
 *fill*         0x20000063        0x1 
 .bss.g_measurement
                0x20000064       0x14 Project/charger_adc.o
 .bss.g_config  0x20000078       0x14 Project/charger_adc.o
 .bss.g_runtime
                0x2000008c       0x34 Project/charger_sm.o
 .bss.g_config  0x200000c0       0x24 Project/charger_sm.o
 .bss.g_runtime
                0x200000e4       0x14 Project/battery.o
 .bss.g_config  0x200000f8       0x14 Project/battery.o
 .bss.g_runtime
                0x2000010c        0xe Project/soc.o
 *fill*         0x2000011a        0x2 
 .bss.g_config  0x2000011c        0x8 Project/soc.o
 .bss.uwTick    0x20000124        0x4 Project/py32f002b_hal.o
                0x20000124                uwTick
 *(COMMON)
                0x20000128                        . = ALIGN (0x4)
                0x20000128                        _ebss = .
                0x20000128                        __bss_end__ = _ebss

._user_heap_stack
                0x20000128      0x400 load address 0x0800196c
                0x20000128                        . = ALIGN (0x8)
                0x20000128                        PROVIDE (end = .)
                [!provide]                        PROVIDE (_end = .)
                0x20000128                        . = (. + _Min_Heap_Size)
                0x20000528                        . = (. + _Min_Stack_Size)
 *fill*         0x20000128      0x400 
                0x20000528                        . = ALIGN (0x8)

/DISCARD/
 libc.a(*)
 libm.a(*)
 libgcc.a(*)

.ARM.attributes
                0x00000000       0x28
 *(.ARM.attributes)
 .ARM.attributes
                0x00000000       0x1e C:/Program Files (x86)/Arm GNU Toolchain arm-none-eabi/14.3 rel1/bin/../lib/gcc/arm-none-eabi/14.3.1/thumb/v6-m/nofp/crti.o
 .ARM.attributes
                0x0000001e       0x2c C:/Program Files (x86)/Arm GNU Toolchain arm-none-eabi/14.3 rel1/bin/../lib/gcc/arm-none-eabi/14.3.1/thumb/v6-m/nofp/crtbegin.o
 .ARM.attributes
                0x0000004a       0x2c Project/main.o
 .ARM.attributes
                0x00000076       0x2c Project/py32f002b_it.o
 .ARM.attributes
                0x000000a2       0x2c Project/system_py32f002b.o
 .ARM.attributes
                0x000000ce       0x2c Project/tm1637.o
 .ARM.attributes
                0x000000fa       0x2c Project/menu.o
 .ARM.attributes
                0x00000126       0x2c Project/button.o
 .ARM.attributes
                0x00000152       0x2c Project/charger_adc.o
 .ARM.attributes
                0x0000017e       0x2c Project/charger_sm.o
 .ARM.attributes
                0x000001aa       0x2c Project/battery.o
 .ARM.attributes
                0x000001d6       0x2c Project/soc.o
 .ARM.attributes
                0x00000202       0x2c Project/py32f002b_hal.o
 .ARM.attributes
                0x0000022e       0x2c Project/py32f002b_hal_gpio.o
 .ARM.attributes
                0x0000025a       0x22 Project/startup_py32f002bxx.o
 .ARM.attributes
                0x0000027c       0x2c C:/Program Files (x86)/Arm GNU Toolchain arm-none-eabi/14.3 rel1/bin/../lib/gcc/arm-none-eabi/14.3.1/../../../../arm-none-eabi/lib/thumb/v6-m/nofp\libc_nano.a(libc_a-memset.o)
 .ARM.attributes
                0x000002a8       0x2c C:/Program Files (x86)/Arm GNU Toolchain arm-none-eabi/14.3 rel1/bin/../lib/gcc/arm-none-eabi/14.3.1/../../../../arm-none-eabi/lib/thumb/v6-m/nofp\libc_nano.a(libc_a-init.o)
 .ARM.attributes
                0x000002d4       0x2c C:/Program Files (x86)/Arm GNU Toolchain arm-none-eabi/14.3 rel1/bin/../lib/gcc/arm-none-eabi/14.3.1/../../../../arm-none-eabi/lib/thumb/v6-m/nofp\libc_nano.a(libc_a-memcpy-stub.o)
 .ARM.attributes
                0x00000300       0x1e C:/Program Files (x86)/Arm GNU Toolchain arm-none-eabi/14.3 rel1/bin/../lib/gcc/arm-none-eabi/14.3.1/thumb/v6-m/nofp\libgcc.a(_udivsi3.o)
 .ARM.attributes
                0x0000031e       0x1e C:/Program Files (x86)/Arm GNU Toolchain arm-none-eabi/14.3 rel1/bin/../lib/gcc/arm-none-eabi/14.3.1/thumb/v6-m/nofp\libgcc.a(_divsi3.o)
 .ARM.attributes
                0x0000033c       0x1e C:/Program Files (x86)/Arm GNU Toolchain arm-none-eabi/14.3 rel1/bin/../lib/gcc/arm-none-eabi/14.3.1/thumb/v6-m/nofp\libgcc.a(_dvmd_tls.o)
 .ARM.attributes
                0x0000035a       0x2c C:/Program Files (x86)/Arm GNU Toolchain arm-none-eabi/14.3 rel1/bin/../lib/gcc/arm-none-eabi/14.3.1/thumb/v6-m/nofp/crtend.o
 .ARM.attributes
                0x00000386       0x1e C:/Program Files (x86)/Arm GNU Toolchain arm-none-eabi/14.3 rel1/bin/../lib/gcc/arm-none-eabi/14.3.1/thumb/v6-m/nofp/crtn.o
OUTPUT(Project/Project.elf elf32-littlearm)
LOAD linker stubs
LOAD C:/Program Files (x86)/Arm GNU Toolchain arm-none-eabi/14.3 rel1/bin/../lib/gcc/arm-none-eabi/14.3.1/../../../../arm-none-eabi/lib/thumb/v6-m/nofp\libc.a
LOAD C:/Program Files (x86)/Arm GNU Toolchain arm-none-eabi/14.3 rel1/bin/../lib/gcc/arm-none-eabi/14.3.1/../../../../arm-none-eabi/lib/thumb/v6-m/nofp\libm.a
LOAD C:/Program Files (x86)/Arm GNU Toolchain arm-none-eabi/14.3 rel1/bin/../lib/gcc/arm-none-eabi/14.3.1/thumb/v6-m/nofp\libgcc.a

.debug_info     0x00000000     0x5523
 .debug_info    0x00000000     0x12bd Project/main.o
 .debug_info    0x000012bd      0x11b Project/py32f002b_it.o
 .debug_info    0x000013d8      0x483 Project/system_py32f002b.o
 .debug_info    0x0000185b      0x860 Project/tm1637.o
 .debug_info    0x000020bb      0x489 Project/menu.o
 .debug_info    0x00002544      0x230 Project/button.o
 .debug_info    0x00002774      0x6b7 Project/charger_adc.o
 .debug_info    0x00002e2b      0xc32 Project/charger_sm.o
 .debug_info    0x00003a5d      0x446 Project/battery.o
 .debug_info    0x00003ea3      0x5e2 Project/soc.o
 .debug_info    0x00004485      0xa94 Project/py32f002b_hal.o
 .debug_info    0x00004f19      0x5da Project/py32f002b_hal_gpio.o
 .debug_info    0x000054f3       0x30 Project/startup_py32f002bxx.o

.debug_abbrev   0x00000000     0x183a
 .debug_abbrev  0x00000000      0x3c0 Project/main.o
 .debug_abbrev  0x000003c0       0x93 Project/py32f002b_it.o
 .debug_abbrev  0x00000453      0x197 Project/system_py32f002b.o
 .debug_abbrev  0x000005ea      0x1eb Project/tm1637.o
 .debug_abbrev  0x000007d5      0x19a Project/menu.o
 .debug_abbrev  0x0000096f      0x135 Project/button.o
 .debug_abbrev  0x00000aa4      0x253 Project/charger_adc.o
 .debug_abbrev  0x00000cf7      0x2b3 Project/charger_sm.o
 .debug_abbrev  0x00000faa      0x1b2 Project/battery.o
 .debug_abbrev  0x0000115c      0x204 Project/soc.o
 .debug_abbrev  0x00001360      0x2c4 Project/py32f002b_hal.o
 .debug_abbrev  0x00001624      0x1f9 Project/py32f002b_hal_gpio.o
 .debug_abbrev  0x0000181d       0x1d Project/startup_py32f002bxx.o

.debug_loc      0x00000000     0x2485
 .debug_loc     0x00000000      0x2f3 Project/main.o
 .debug_loc     0x000002f3       0x20 Project/py32f002b_it.o
 .debug_loc     0x00000313       0x83 Project/system_py32f002b.o
 .debug_loc     0x00000396      0x406 Project/tm1637.o
 .debug_loc     0x0000079c      0x142 Project/menu.o
 .debug_loc     0x000008de       0x20 Project/button.o
 .debug_loc     0x000008fe      0x409 Project/charger_adc.o
 .debug_loc     0x00000d07      0x7e5 Project/charger_sm.o
 .debug_loc     0x000014ec      0x2a1 Project/battery.o
 .debug_loc     0x0000178d      0x4e7 Project/soc.o
 .debug_loc     0x00001c74      0x342 Project/py32f002b_hal.o
 .debug_loc     0x00001fb6      0x4cf Project/py32f002b_hal_gpio.o

.debug_aranges  0x00000000      0x638
 .debug_aranges
                0x00000000       0xe0 Project/main.o
 .debug_aranges
                0x000000e0       0x40 Project/py32f002b_it.o
 .debug_aranges
                0x00000120       0x30 Project/system_py32f002b.o
 .debug_aranges
                0x00000150       0x90 Project/tm1637.o
 .debug_aranges
                0x000001e0       0x70 Project/menu.o
 .debug_aranges
                0x00000250       0x30 Project/button.o
 .debug_aranges
                0x00000280       0x58 Project/charger_adc.o
 .debug_aranges
                0x000002d8      0x108 Project/charger_sm.o
 .debug_aranges
                0x000003e0       0x60 Project/battery.o
 .debug_aranges
                0x00000440       0x70 Project/soc.o
 .debug_aranges
                0x000004b0      0x108 Project/py32f002b_hal.o
 .debug_aranges
                0x000005b8       0x58 Project/py32f002b_hal_gpio.o
 .debug_aranges
                0x00000610       0x28 Project/startup_py32f002bxx.o

.debug_ranges   0x00000000      0x5a0
 .debug_ranges  0x00000000       0xd0 Project/main.o
 .debug_ranges  0x000000d0       0x30 Project/py32f002b_it.o
 .debug_ranges  0x00000100       0x20 Project/system_py32f002b.o
 .debug_ranges  0x00000120       0x80 Project/tm1637.o
 .debug_ranges  0x000001a0       0x60 Project/menu.o
 .debug_ranges  0x00000200       0x20 Project/button.o
 .debug_ranges  0x00000220       0x48 Project/charger_adc.o
 .debug_ranges  0x00000268      0x110 Project/charger_sm.o
 .debug_ranges  0x00000378       0x50 Project/battery.o
 .debug_ranges  0x000003c8       0x78 Project/soc.o
 .debug_ranges  0x00000440       0xf8 Project/py32f002b_hal.o
 .debug_ranges  0x00000538       0x48 Project/py32f002b_hal_gpio.o
 .debug_ranges  0x00000580       0x20 Project/startup_py32f002bxx.o

.debug_line     0x00000000     0x408d
 .debug_line    0x00000000      0x7da Project/main.o
 .debug_line    0x000007da      0x121 Project/py32f002b_it.o
 .debug_line    0x000008fb      0x339 Project/system_py32f002b.o
 .debug_line    0x00000c34      0x538 Project/tm1637.o
 .debug_line    0x0000116c      0x3e9 Project/menu.o
 .debug_line    0x00001555      0x24f Project/button.o
 .debug_line    0x000017a4      0x434 Project/charger_adc.o
 .debug_line    0x00001bd8      0xc86 Project/charger_sm.o
 .debug_line    0x0000285e      0x419 Project/battery.o
 .debug_line    0x00002c77      0x511 Project/soc.o
 .debug_line    0x00003188      0x754 Project/py32f002b_hal.o
 .debug_line    0x000038dc      0x73c Project/py32f002b_hal_gpio.o
 .debug_line    0x00004018       0x75 Project/startup_py32f002bxx.o

.debug_str      0x00000000     0x1bb5
 .debug_str     0x00000000     0x1bb5 Project/main.o
                                0xb5e (size before relaxing)
 .debug_str     0x00001bb5      0x1e0 Project/py32f002b_it.o
 .debug_str     0x00001bb5      0x2e2 Project/system_py32f002b.o
 .debug_str     0x00001bb5      0x323 Project/tm1637.o
 .debug_str     0x00001bb5      0x35c Project/menu.o
 .debug_str     0x00001bb5      0x23b Project/button.o
 .debug_str     0x00001bb5      0x4b5 Project/charger_adc.o
 .debug_str     0x00001bb5      0x8a2 Project/charger_sm.o
 .debug_str     0x00001bb5      0x3f1 Project/battery.o
 .debug_str     0x00001bb5      0x443 Project/soc.o
 .debug_str     0x00001bb5      0x7c9 Project/py32f002b_hal.o
 .debug_str     0x00001bb5      0x3e1 Project/py32f002b_hal_gpio.o
 .debug_str     0x00001bb5       0x75 Project/startup_py32f002bxx.o

.comment        0x00000000       0x46
 .comment       0x00000000       0x46 Project/main.o
                                 0x47 (size before relaxing)
 .comment       0x00000046       0x47 Project/py32f002b_it.o
 .comment       0x00000046       0x47 Project/system_py32f002b.o
 .comment       0x00000046       0x47 Project/tm1637.o
 .comment       0x00000046       0x47 Project/menu.o
 .comment       0x00000046       0x47 Project/button.o
 .comment       0x00000046       0x47 Project/charger_adc.o
 .comment       0x00000046       0x47 Project/charger_sm.o
 .comment       0x00000046       0x47 Project/battery.o
 .comment       0x00000046       0x47 Project/soc.o
 .comment       0x00000046       0x47 Project/py32f002b_hal.o
 .comment       0x00000046       0x47 Project/py32f002b_hal_gpio.o

.debug_frame    0x00000000      0xe10
 .debug_frame   0x00000000      0x228 Project/main.o
 .debug_frame   0x00000228       0x68 Project/py32f002b_it.o
 .debug_frame   0x00000290       0x4c Project/system_py32f002b.o
 .debug_frame   0x000002dc      0x18c Project/tm1637.o
 .debug_frame   0x00000468       0xfc Project/menu.o
 .debug_frame   0x00000564       0x48 Project/button.o
 .debug_frame   0x000005ac       0xc4 Project/charger_adc.o
 .debug_frame   0x00000670      0x260 Project/charger_sm.o
 .debug_frame   0x000008d0       0xbc Project/battery.o
 .debug_frame   0x0000098c       0xec Project/soc.o
 .debug_frame   0x00000a78      0x21c Project/py32f002b_hal.o
 .debug_frame   0x00000c94       0xc8 Project/py32f002b_hal_gpio.o
 .debug_frame   0x00000d5c       0x20 C:/Program Files (x86)/Arm GNU Toolchain arm-none-eabi/14.3 rel1/bin/../lib/gcc/arm-none-eabi/14.3.1/../../../../arm-none-eabi/lib/thumb/v6-m/nofp\libc_nano.a(libc_a-memset.o)
 .debug_frame   0x00000d7c       0x2c C:/Program Files (x86)/Arm GNU Toolchain arm-none-eabi/14.3 rel1/bin/../lib/gcc/arm-none-eabi/14.3.1/../../../../arm-none-eabi/lib/thumb/v6-m/nofp\libc_nano.a(libc_a-init.o)
 .debug_frame   0x00000da8       0x28 C:/Program Files (x86)/Arm GNU Toolchain arm-none-eabi/14.3 rel1/bin/../lib/gcc/arm-none-eabi/14.3.1/../../../../arm-none-eabi/lib/thumb/v6-m/nofp\libc_nano.a(libc_a-memcpy-stub.o)
 .debug_frame   0x00000dd0       0x20 C:/Program Files (x86)/Arm GNU Toolchain arm-none-eabi/14.3 rel1/bin/../lib/gcc/arm-none-eabi/14.3.1/thumb/v6-m/nofp\libgcc.a(_udivsi3.o)
 .debug_frame   0x00000df0       0x20 C:/Program Files (x86)/Arm GNU Toolchain arm-none-eabi/14.3 rel1/bin/../lib/gcc/arm-none-eabi/14.3.1/thumb/v6-m/nofp\libgcc.a(_divsi3.o)

.debug_line_str
                0x00000000       0xc9
 .debug_line_str
                0x00000000       0xc9 C:/Program Files (x86)/Arm GNU Toolchain arm-none-eabi/14.3 rel1/bin/../lib/gcc/arm-none-eabi/14.3.1/thumb/v6-m/nofp\libgcc.a(_udivsi3.o)
 .debug_line_str
                0x000000c9       0xc9 C:/Program Files (x86)/Arm GNU Toolchain arm-none-eabi/14.3 rel1/bin/../lib/gcc/arm-none-eabi/14.3.1/thumb/v6-m/nofp\libgcc.a(_divsi3.o)
 .debug_line_str
                0x000000c9       0xc9 C:/Program Files (x86)/Arm GNU Toolchain arm-none-eabi/14.3 rel1/bin/../lib/gcc/arm-none-eabi/14.3.1/thumb/v6-m/nofp\libgcc.a(_dvmd_tls.o)

Cross Reference Table

Symbol                                            File
ADC_COMP_IRQHandler                               Project/startup_py32f002bxx.o
ADC_GetACVoltage                                  Project/charger_adc.o
                                                  Project/charger_sm.o
ADC_GetMeasurement                                Project/charger_adc.o
                                                  Project/main.o
ADC_GetRawValue                                   Project/charger_adc.o
ADC_Init                                          Project/charger_adc.o
                                                  Project/main.o
ADC_NTCToTemperature                              Project/charger_adc.o
ADC_ProcessRawSample                              Project/charger_adc.o
ADC_StartConversion                               Project/charger_adc.o
                                                  Project/main.o
AHBPrescTable                                     Project/system_py32f002b.o
                                                  Project/py32f002b_hal_rcc.o
APBPrescTable                                     Project/system_py32f002b.o
                                                  Project/py32f002b_hal_rcc.o
App_SysTickHandler                                Project/main.o
                                                  Project/py32f002b_it.o
BSP_GetVersion                                    Project/py32f002bxx_Start_Kit.o
BSP_LED_DeInit                                    Project/py32f002bxx_Start_Kit.o
BSP_LED_Init                                      Project/py32f002bxx_Start_Kit.o
BSP_LED_Off                                       Project/py32f002bxx_Start_Kit.o
BSP_LED_On                                        Project/py32f002bxx_Start_Kit.o
BSP_LED_Toggle                                    Project/py32f002bxx_Start_Kit.o
BSP_PB_DeInit                                     Project/py32f002bxx_Start_Kit.o
BSP_PB_GetState                                   Project/py32f002bxx_Start_Kit.o
BSP_PB_Init                                       Project/py32f002bxx_Start_Kit.o
BSP_USART_Config                                  Project/py32f002bxx_Start_Kit.o
BUTTON_IRQn                                       Project/py32f002bxx_Start_Kit.o
BUTTON_PIN                                        Project/py32f002bxx_Start_Kit.o
BUTTON_PORT                                       Project/py32f002bxx_Start_Kit.o
Battery_GetHealth                                 Project/battery.o
Battery_GetVoltage                                Project/battery.o
Battery_HealthChanged                             Project/battery.o
Battery_HealthToString                            Project/battery.o
Battery_Init                                      Project/battery.o
                                                  Project/main.o
Battery_IsHealthQualified                         Project/battery.o
Battery_SetVset                                   Project/battery.o
                                                  Project/menu.o
Battery_Update                                    Project/battery.o
                                                  Project/main.o
Button_Init                                       Project/button.o
                                                  Project/main.o
Button_Task                                       Project/button.o
                                                  Project/main.o
ChargerCtrl_DisableOutput                         Project/charger_control.o
ChargerCtrl_EnableOutput                          Project/charger_control.o
ChargerCtrl_GetActualVoltage                      Project/charger_control.o
ChargerCtrl_GetState                              Project/charger_control.o
ChargerCtrl_GetVsetTarget                         Project/charger_control.o
ChargerCtrl_Init                                  Project/charger_control.o
ChargerCtrl_SetTargets                            Project/charger_control.o
ChargerCtrl_Task                                  Project/charger_control.o
ChargerSM_ACOffEvent                              Project/charger_sm.o
                                                  Project/main.o
ChargerSM_ACOnEvent                               Project/charger_sm.o
                                                  Project/main.o
ChargerSM_FaultToString                           Project/charger_sm.o
ChargerSM_GetFault                                Project/charger_sm.o
                                                  Project/main.o
ChargerSM_GetPWMDuty                              Project/charger_sm.o
ChargerSM_GetSOC                                  Project/charger_sm.o
ChargerSM_GetState                                Project/charger_sm.o
                                                  Project/main.o
ChargerSM_Init                                    Project/charger_sm.o
                                                  Project/main.o
ChargerSM_IsCharging                              Project/charger_sm.o
                                                  Project/main.o
ChargerSM_IsChargingComplete                      Project/charger_sm.o
ChargerSM_IsFanEnabled                            Project/charger_sm.o
                                                  Project/main.o
ChargerSM_IsPWMEnabled                            Project/charger_sm.o
                                                  Project/main.o
ChargerSM_SetCset                                 Project/charger_sm.o
                                                  Project/menu.o
ChargerSM_SetVset                                 Project/charger_sm.o
                                                  Project/menu.o
ChargerSM_StateToString                           Project/charger_sm.o
ChargerSM_Task                                    Project/charger_sm.o
                                                  Project/main.o
DebugUartHandle                                   Project/py32f002bxx_Start_Kit.o
Default_Handler                                   Project/startup_py32f002bxx.o
EXTI0_1_IRQHandler                                Project/startup_py32f002bxx.o
EXTI2_3_IRQHandler                                Project/startup_py32f002bxx.o
EXTI4_15_IRQHandler                               Project/startup_py32f002bxx.o
FLASH_IRQHandler                                  Project/startup_py32f002bxx.o
HAL_DBGMCU_DisableDBGMCUStopMode                  Project/py32f002b_hal.o
HAL_DBGMCU_EnableDBGMCUStopMode                   Project/py32f002b_hal.o
HAL_DeInit                                        Project/py32f002b_hal.o
HAL_Delay                                         Project/py32f002b_hal.o
HAL_GPIO_DeInit                                   Project/py32f002b_hal_gpio.o
                                                  Project/py32f002bxx_Start_Kit.o
HAL_GPIO_EXTI_Callback                            Project/py32f002b_hal_gpio.o
HAL_GPIO_EXTI_IRQHandler                          Project/py32f002b_hal_gpio.o
HAL_GPIO_Init                                     Project/py32f002b_hal_gpio.o
                                                  Project/py32f002b_hal_rcc.o
                                                  Project/py32f002bxx_Start_Kit.o
HAL_GPIO_LockPin                                  Project/py32f002b_hal_gpio.o
HAL_GPIO_ReadPin                                  Project/py32f002b_hal_gpio.o
                                                  Project/py32f002bxx_Start_Kit.o
HAL_GPIO_TogglePin                                Project/py32f002b_hal_gpio.o
                                                  Project/py32f002bxx_Start_Kit.o
HAL_GPIO_WritePin                                 Project/py32f002b_hal_gpio.o
                                                  Project/py32f002bxx_Start_Kit.o
                                                  Project/charger_control.o
                                                  Project/vset_wake.o
                                                  Project/tm1637.o
HAL_GetDEVID                                      Project/py32f002b_hal.o
HAL_GetHalVersion                                 Project/py32f002b_hal.o
HAL_GetREVID                                      Project/py32f002b_hal.o
HAL_GetTick                                       Project/py32f002b_hal.o
                                                  Project/py32f002b_hal_uart.o
                                                  Project/py32f002b_hal_rcc.o
                                                  Project/vset_wake.o
HAL_GetTickFreq                                   Project/py32f002b_hal.o
HAL_GetTickPrio                                   Project/py32f002b_hal.o
HAL_GetUIDw0                                      Project/py32f002b_hal.o
HAL_GetUIDw1                                      Project/py32f002b_hal.o
HAL_GetUIDw2                                      Project/py32f002b_hal.o
HAL_HalfDuplex_EnableReceiver                     Project/py32f002b_hal_uart.o
HAL_HalfDuplex_EnableTransmitter                  Project/py32f002b_hal_uart.o
HAL_HalfDuplex_Init                               Project/py32f002b_hal_uart.o
HAL_IncTick                                       Project/py32f002b_hal.o
                                                  Project/py32f002b_it.o
HAL_Init                                          Project/py32f002b_hal.o
HAL_InitTick                                      Project/py32f002b_hal.o
                                                  Project/py32f002b_hal_rcc.o
HAL_MspDeInit                                     Project/py32f002b_hal.o
HAL_MspInit                                       Project/py32f002b_hal_msp.o
HAL_MultiProcessor_EnterMuteMode                  Project/py32f002b_hal_uart.o
HAL_MultiProcessor_ExitMuteMode                   Project/py32f002b_hal_uart.o
HAL_MultiProcessor_Init                           Project/py32f002b_hal_uart.o
HAL_NVIC_ClearPendingIRQ                          Project/py32f002b_hal_cortex.o
HAL_NVIC_DisableIRQ                               Project/py32f002b_hal_cortex.o
                                                  Project/py32f002bxx_Start_Kit.o
HAL_NVIC_EnableIRQ                                Project/py32f002b_hal_cortex.o
                                                  Project/py32f002bxx_Start_Kit.o
HAL_NVIC_GetPendingIRQ                            Project/py32f002b_hal_cortex.o
HAL_NVIC_GetPriority                              Project/py32f002b_hal_cortex.o
HAL_NVIC_SetPendingIRQ                            Project/py32f002b_hal_cortex.o
HAL_NVIC_SetPriority                              Project/py32f002b_hal_cortex.o
                                                  Project/py32f002b_hal.o
                                                  Project/py32f002bxx_Start_Kit.o
HAL_NVIC_SystemReset                              Project/py32f002b_hal_cortex.o
HAL_PWR_ConfigBIAS                                Project/py32f002b_hal_pwr.o
HAL_PWR_ConfigStopMode                            Project/py32f002b_hal_pwr.o
HAL_PWR_DeInit                                    Project/py32f002b_hal_pwr.o
HAL_PWR_DisableSEVOnPend                          Project/py32f002b_hal_pwr.o
HAL_PWR_DisableSleepOnExit                        Project/py32f002b_hal_pwr.o
HAL_PWR_EnableSEVOnPend                           Project/py32f002b_hal_pwr.o
HAL_PWR_EnableSleepOnExit                         Project/py32f002b_hal_pwr.o
HAL_PWR_EnterSLEEPMode                            Project/py32f002b_hal_pwr.o
HAL_PWR_EnterSTOPMode                             Project/py32f002b_hal_pwr.o
HAL_RCCEx_DisableLSCO                             Project/py32f002b_hal_rcc_ex.o
HAL_RCCEx_EnableLSCO                              Project/py32f002b_hal_rcc_ex.o
HAL_RCCEx_GetPeriphCLKConfig                      Project/py32f002b_hal_rcc_ex.o
HAL_RCCEx_GetPeriphCLKFreq                        Project/py32f002b_hal_rcc_ex.o
HAL_RCCEx_PeriphCLKConfig                         Project/py32f002b_hal_rcc_ex.o
HAL_RCC_CSSCallback                               Project/py32f002b_hal_rcc.o
HAL_RCC_ClockConfig                               Project/py32f002b_hal_rcc.o
HAL_RCC_DeInit                                    Project/py32f002b_hal_rcc.o
HAL_RCC_DisableLSECSS                             Project/py32f002b_hal_rcc.o
HAL_RCC_EnableLSECSS                              Project/py32f002b_hal_rcc.o
HAL_RCC_GetClockConfig                            Project/py32f002b_hal_rcc.o
HAL_RCC_GetHCLKFreq                               Project/py32f002b_hal_rcc.o
HAL_RCC_GetOscConfig                              Project/py32f002b_hal_rcc.o
HAL_RCC_GetPCLK1Freq                              Project/py32f002b_hal_rcc.o
                                                  Project/py32f002b_hal_uart.o
                                                  Project/py32f002b_hal_rcc_ex.o
HAL_RCC_GetSysClockFreq                           Project/py32f002b_hal_rcc.o
HAL_RCC_LSECSSCallback                            Project/py32f002b_hal_rcc.o
HAL_RCC_MCOConfig                                 Project/py32f002b_hal_rcc.o
HAL_RCC_NMI_IRQHandler                            Project/py32f002b_hal_rcc.o
HAL_RCC_OscConfig                                 Project/py32f002b_hal_rcc.o
HAL_ResumeTick                                    Project/py32f002b_hal.o
HAL_SYSCFG_DisableGPIONoiseFilter                 Project/py32f002b_hal.o
HAL_SYSCFG_DisableI2CFastModePlus                 Project/py32f002b_hal.o
HAL_SYSCFG_EnableGPIONoiseFilter                  Project/py32f002b_hal.o
HAL_SYSCFG_EnableI2CFastModePlus                  Project/py32f002b_hal.o
HAL_SYSCFG_GetRemapMemory                         Project/py32f002b_hal.o
HAL_SYSCFG_GetTIM1CH1Source                       Project/py32f002b_hal.o
HAL_SYSCFG_SetRemapMemory                         Project/py32f002b_hal.o
HAL_SYSCFG_SetTIM1CH1Source                       Project/py32f002b_hal.o
HAL_SYSCFG_TIM1ETRSource                          Project/py32f002b_hal.o
HAL_SYSTICK_CLKSourceConfig                       Project/py32f002b_hal_cortex.o
HAL_SYSTICK_Callback                              Project/py32f002b_hal_cortex.o
HAL_SYSTICK_Config                                Project/py32f002b_hal_cortex.o
                                                  Project/py32f002b_hal.o
HAL_SYSTICK_IRQHandler                            Project/py32f002b_hal_cortex.o
HAL_SetTickFreq                                   Project/py32f002b_hal.o
HAL_SuspendTick                                   Project/py32f002b_hal.o
HAL_UART_Abort                                    Project/py32f002b_hal_uart.o
HAL_UART_AbortCpltCallback                        Project/py32f002b_hal_uart.o
HAL_UART_AbortReceive                             Project/py32f002b_hal_uart.o
HAL_UART_AbortReceiveCpltCallback                 Project/py32f002b_hal_uart.o
HAL_UART_AbortReceive_IT                          Project/py32f002b_hal_uart.o
HAL_UART_AbortTransmit                            Project/py32f002b_hal_uart.o
HAL_UART_AbortTransmitCpltCallback                Project/py32f002b_hal_uart.o
HAL_UART_AbortTransmit_IT                         Project/py32f002b_hal_uart.o
HAL_UART_Abort_IT                                 Project/py32f002b_hal_uart.o
HAL_UART_DeInit                                   Project/py32f002b_hal_uart.o
HAL_UART_ErrorCallback                            Project/py32f002b_hal_uart.o
HAL_UART_GetError                                 Project/py32f002b_hal_uart.o
HAL_UART_GetState                                 Project/py32f002b_hal_uart.o
HAL_UART_IRQHandler                               Project/py32f002b_hal_uart.o
HAL_UART_IdleFrameDetectCpltCallback              Project/py32f002b_hal_uart.o
HAL_UART_Init                                     Project/py32f002b_hal_uart.o
                                                  Project/py32f002bxx_Start_Kit.o
HAL_UART_MspDeInit                                Project/py32f002b_hal_uart.o
HAL_UART_MspInit                                  Project/py32f002b_hal_uart.o
HAL_UART_Receive                                  Project/py32f002b_hal_uart.o
HAL_UART_Receive_IT                               Project/py32f002b_hal_uart.o
HAL_UART_RxCpltCallback                           Project/py32f002b_hal_uart.o
HAL_UART_RxHalfCpltCallback                       Project/py32f002b_hal_uart.o
HAL_UART_Transmit                                 Project/py32f002b_hal_uart.o
                                                  Project/py32f002bxx_Start_Kit.o
HAL_UART_Transmit_IT                              Project/py32f002b_hal_uart.o
HAL_UART_TxCpltCallback                           Project/py32f002b_hal_uart.o
HAL_UART_TxHalfCpltCallback                       Project/py32f002b_hal_uart.o
HSIFreqTable                                      Project/system_py32f002b.o
HardFault_Handler                                 Project/py32f002b_it.o
I2C1_IRQHandler                                   Project/startup_py32f002bxx.o
LED_PIN                                           Project/py32f002bxx_Start_Kit.o
LED_PORT                                          Project/py32f002bxx_Start_Kit.o
LPTIM1_IRQHandler                                 Project/startup_py32f002bxx.o
Menu_Enter                                        Project/menu.o
                                                  Project/main.o
Menu_GetMode                                      Project/menu.o
Menu_Init                                         Project/menu.o
                                                  Project/main.o
Menu_IsActive                                     Project/menu.o
                                                  Project/main.o
Menu_NextItem                                     Project/menu.o
                                                  Project/button.o
Menu_OnButtonPress                                Project/menu.o
                                                  Project/main.o
Menu_Task                                         Project/menu.o
                                                  Project/main.o
Menu_ToggleMode                                   Project/menu.o
                                                  Project/main.o
                                                  Project/button.o
Menu_UpdateDisplay                                Project/menu.o
                                                  Project/main.o
NMI_Handler                                       Project/py32f002b_it.o
PendSV_Handler                                    Project/py32f002b_it.o
RCC_IRQHandler                                    Project/startup_py32f002bxx.o
Reset_Handler                                     Project/startup_py32f002bxx.o
SOC_ForceQualify                                  Project/soc.o
SOC_GetDisplaySOC                                 Project/soc.o
                                                  Project/main.o
SOC_GetLastVoltagePercent                         Project/soc.o
SOC_GetQualificationTimer                         Project/soc.o
SOC_GetRawSOC                                     Project/soc.o
SOC_Init                                          Project/soc.o
                                                  Project/main.o
SOC_IsQualified                                   Project/soc.o
                                                  Project/main.o
SOC_SetVset                                       Project/soc.o
                                                  Project/menu.o
SOC_Update                                        Project/soc.o
                                                  Project/main.o
SPI1_IRQHandler                                   Project/startup_py32f002bxx.o
SVC_Handler                                       Project/py32f002b_it.o
SysTick_Handler                                   Project/py32f002b_it.o
SystemCoreClock                                   Project/system_py32f002b.o
                                                  Project/py32f002b_hal_rcc.o
                                                  Project/py32f002b_hal.o
SystemCoreClockUpdate                             Project/system_py32f002b.o
SystemInit                                        Project/system_py32f002b.o
                                                  Project/startup_py32f002bxx.o
TIM14_IRQHandler                                  Project/startup_py32f002bxx.o
TIM1_BRK_UP_TRG_COM_IRQHandler                    Project/startup_py32f002bxx.o
TIM1_CC_IRQHandler                                Project/startup_py32f002bxx.o
TM1637_Clear                                      Project/tm1637.o
TM1637_DisplayCurrent                             Project/tm1637.o
                                                  Project/menu.o
TM1637_DisplayNumber                              Project/tm1637.o
                                                  Project/main.o
TM1637_DisplayRaw                                 Project/tm1637.o
TM1637_DisplayVoltage                             Project/tm1637.o
                                                  Project/menu.o
                                                  Project/main.o
TM1637_Init                                       Project/tm1637.o
                                                  Project/main.o
TM1637_SetBrightness                              Project/tm1637.o
USART1_IRQHandler                                 Project/startup_py32f002bxx.o
VsetWake_GetState                                 Project/vset_wake.o
VsetWake_Init                                     Project/vset_wake.o
VsetWake_Task                                     Project/vset_wake.o
_ITM_deregisterTMCloneTable                       C:/Program Files (x86)/Arm GNU Toolchain arm-none-eabi/14.3 rel1/bin/../lib/gcc/arm-none-eabi/14.3.1/thumb/v6-m/nofp/crtbegin.o
_ITM_registerTMCloneTable                         C:/Program Files (x86)/Arm GNU Toolchain arm-none-eabi/14.3 rel1/bin/../lib/gcc/arm-none-eabi/14.3.1/thumb/v6-m/nofp/crtbegin.o
__TMC_END__                                       C:/Program Files (x86)/Arm GNU Toolchain arm-none-eabi/14.3 rel1/bin/../lib/gcc/arm-none-eabi/14.3.1/thumb/v6-m/nofp/crtend.o
                                                  C:/Program Files (x86)/Arm GNU Toolchain arm-none-eabi/14.3 rel1/bin/../lib/gcc/arm-none-eabi/14.3.1/thumb/v6-m/nofp/crtbegin.o
__aeabi_idiv                                      C:/Program Files (x86)/Arm GNU Toolchain arm-none-eabi/14.3 rel1/bin/../lib/gcc/arm-none-eabi/14.3.1/thumb/v6-m/nofp\libgcc.a(_divsi3.o)
                                                  Project/soc.o
                                                  Project/charger_sm.o
                                                  Project/charger_adc.o
__aeabi_idiv0                                     C:/Program Files (x86)/Arm GNU Toolchain arm-none-eabi/14.3 rel1/bin/../lib/gcc/arm-none-eabi/14.3.1/thumb/v6-m/nofp\libgcc.a(_dvmd_tls.o)
                                                  C:/Program Files (x86)/Arm GNU Toolchain arm-none-eabi/14.3 rel1/bin/../lib/gcc/arm-none-eabi/14.3.1/thumb/v6-m/nofp\libgcc.a(_divsi3.o)
                                                  C:/Program Files (x86)/Arm GNU Toolchain arm-none-eabi/14.3 rel1/bin/../lib/gcc/arm-none-eabi/14.3.1/thumb/v6-m/nofp\libgcc.a(_udivsi3.o)
__aeabi_idivmod                                   C:/Program Files (x86)/Arm GNU Toolchain arm-none-eabi/14.3 rel1/bin/../lib/gcc/arm-none-eabi/14.3.1/thumb/v6-m/nofp\libgcc.a(_divsi3.o)
__aeabi_ldiv0                                     C:/Program Files (x86)/Arm GNU Toolchain arm-none-eabi/14.3 rel1/bin/../lib/gcc/arm-none-eabi/14.3.1/thumb/v6-m/nofp\libgcc.a(_dvmd_tls.o)
__aeabi_uidiv                                     C:/Program Files (x86)/Arm GNU Toolchain arm-none-eabi/14.3 rel1/bin/../lib/gcc/arm-none-eabi/14.3.1/thumb/v6-m/nofp\libgcc.a(_udivsi3.o)
                                                  Project/py32f002b_hal_uart.o
                                                  Project/py32f002b_hal.o
                                                  Project/soc.o
                                                  Project/battery.o
                                                  Project/charger_sm.o
                                                  Project/charger_adc.o
                                                  Project/tm1637.o
                                                  Project/main.o
__aeabi_uidivmod                                  C:/Program Files (x86)/Arm GNU Toolchain arm-none-eabi/14.3 rel1/bin/../lib/gcc/arm-none-eabi/14.3.1/thumb/v6-m/nofp\libgcc.a(_udivsi3.o)
                                                  Project/py32f002b_hal_uart.o
                                                  Project/tm1637.o
__bss_end__                                       C:/Program Files (x86)/Arm GNU Toolchain arm-none-eabi/14.3 rel1/bin/../lib/gcc/arm-none-eabi/14.3.1/../../../../arm-none-eabi/lib/thumb/v6-m/nofp/crt0.o
__bss_start__                                     C:/Program Files (x86)/Arm GNU Toolchain arm-none-eabi/14.3 rel1/bin/../lib/gcc/arm-none-eabi/14.3.1/../../../../arm-none-eabi/lib/thumb/v6-m/nofp/crt0.o
__call_exitprocs                                  C:/Program Files (x86)/Arm GNU Toolchain arm-none-eabi/14.3 rel1/bin/../lib/gcc/arm-none-eabi/14.3.1/../../../../arm-none-eabi/lib/thumb/v6-m/nofp\libc_nano.a(libc_a-exit.o)
__deregister_frame_info                           C:/Program Files (x86)/Arm GNU Toolchain arm-none-eabi/14.3 rel1/bin/../lib/gcc/arm-none-eabi/14.3.1/thumb/v6-m/nofp/crtbegin.o
__divsi3                                          C:/Program Files (x86)/Arm GNU Toolchain arm-none-eabi/14.3 rel1/bin/../lib/gcc/arm-none-eabi/14.3.1/thumb/v6-m/nofp\libgcc.a(_divsi3.o)
__dso_handle                                      C:/Program Files (x86)/Arm GNU Toolchain arm-none-eabi/14.3 rel1/bin/../lib/gcc/arm-none-eabi/14.3.1/thumb/v6-m/nofp/crtbegin.o
__fp_lock_all                                     C:/Program Files (x86)/Arm GNU Toolchain arm-none-eabi/14.3 rel1/bin/../lib/gcc/arm-none-eabi/14.3.1/../../../../arm-none-eabi/lib/thumb/v6-m/nofp\libc_nano.a(libc_a-findfp.o)
__fp_unlock_all                                   C:/Program Files (x86)/Arm GNU Toolchain arm-none-eabi/14.3 rel1/bin/../lib/gcc/arm-none-eabi/14.3.1/../../../../arm-none-eabi/lib/thumb/v6-m/nofp\libc_nano.a(libc_a-findfp.o)
__init_array_end                                  C:/Program Files (x86)/Arm GNU Toolchain arm-none-eabi/14.3 rel1/bin/../lib/gcc/arm-none-eabi/14.3.1/../../../../arm-none-eabi/lib/thumb/v6-m/nofp\libc_nano.a(libc_a-init.o)
__init_array_start                                C:/Program Files (x86)/Arm GNU Toolchain arm-none-eabi/14.3 rel1/bin/../lib/gcc/arm-none-eabi/14.3.1/../../../../arm-none-eabi/lib/thumb/v6-m/nofp\libc_nano.a(libc_a-init.o)
__io_putchar                                      Project/py32f002bxx_Start_Kit.o
__libc_fini_array                                 C:/Program Files (x86)/Arm GNU Toolchain arm-none-eabi/14.3 rel1/bin/../lib/gcc/arm-none-eabi/14.3.1/../../../../arm-none-eabi/lib/thumb/v6-m/nofp/crt0.o
__libc_init_array                                 C:/Program Files (x86)/Arm GNU Toolchain arm-none-eabi/14.3 rel1/bin/../lib/gcc/arm-none-eabi/14.3.1/../../../../arm-none-eabi/lib/thumb/v6-m/nofp\libc_nano.a(libc_a-init.o)
                                                  Project/startup_py32f002bxx.o
                                                  C:/Program Files (x86)/Arm GNU Toolchain arm-none-eabi/14.3 rel1/bin/../lib/gcc/arm-none-eabi/14.3.1/../../../../arm-none-eabi/lib/thumb/v6-m/nofp/crt0.o
__lock___arc4random_mutex                         C:/Program Files (x86)/Arm GNU Toolchain arm-none-eabi/14.3 rel1/bin/../lib/gcc/arm-none-eabi/14.3.1/../../../../arm-none-eabi/lib/thumb/v6-m/nofp\libc_nano.a(libc_a-lock.o)
__lock___at_quick_exit_mutex                      C:/Program Files (x86)/Arm GNU Toolchain arm-none-eabi/14.3 rel1/bin/../lib/gcc/arm-none-eabi/14.3.1/../../../../arm-none-eabi/lib/thumb/v6-m/nofp\libc_nano.a(libc_a-lock.o)
__lock___atexit_recursive_mutex                   C:/Program Files (x86)/Arm GNU Toolchain arm-none-eabi/14.3 rel1/bin/../lib/gcc/arm-none-eabi/14.3.1/../../../../arm-none-eabi/lib/thumb/v6-m/nofp\libc_nano.a(libc_a-lock.o)
__lock___dd_hash_mutex                            C:/Program Files (x86)/Arm GNU Toolchain arm-none-eabi/14.3 rel1/bin/../lib/gcc/arm-none-eabi/14.3.1/../../../../arm-none-eabi/lib/thumb/v6-m/nofp\libc_nano.a(libc_a-lock.o)
__lock___env_recursive_mutex                      C:/Program Files (x86)/Arm GNU Toolchain arm-none-eabi/14.3 rel1/bin/../lib/gcc/arm-none-eabi/14.3.1/../../../../arm-none-eabi/lib/thumb/v6-m/nofp\libc_nano.a(libc_a-lock.o)
__lock___malloc_recursive_mutex                   C:/Program Files (x86)/Arm GNU Toolchain arm-none-eabi/14.3 rel1/bin/../lib/gcc/arm-none-eabi/14.3.1/../../../../arm-none-eabi/lib/thumb/v6-m/nofp\libc_nano.a(libc_a-lock.o)
                                                  C:/Program Files (x86)/Arm GNU Toolchain arm-none-eabi/14.3 rel1/bin/../lib/gcc/arm-none-eabi/14.3.1/../../../../arm-none-eabi/lib/thumb/v6-m/nofp\libc_nano.a(libc_a-mlock.o)
__lock___sfp_recursive_mutex                      C:/Program Files (x86)/Arm GNU Toolchain arm-none-eabi/14.3 rel1/bin/../lib/gcc/arm-none-eabi/14.3.1/../../../../arm-none-eabi/lib/thumb/v6-m/nofp\libc_nano.a(libc_a-lock.o)
                                                  C:/Program Files (x86)/Arm GNU Toolchain arm-none-eabi/14.3 rel1/bin/../lib/gcc/arm-none-eabi/14.3.1/../../../../arm-none-eabi/lib/thumb/v6-m/nofp\libc_nano.a(libc_a-findfp.o)
__lock___tz_mutex                                 C:/Program Files (x86)/Arm GNU Toolchain arm-none-eabi/14.3 rel1/bin/../lib/gcc/arm-none-eabi/14.3.1/../../../../arm-none-eabi/lib/thumb/v6-m/nofp\libc_nano.a(libc_a-lock.o)
__malloc_free_list                                C:/Program Files (x86)/Arm GNU Toolchain arm-none-eabi/14.3 rel1/bin/../lib/gcc/arm-none-eabi/14.3.1/../../../../arm-none-eabi/lib/thumb/v6-m/nofp\libc_nano.a(libc_a-mallocr.o)
                                                  C:/Program Files (x86)/Arm GNU Toolchain arm-none-eabi/14.3 rel1/bin/../lib/gcc/arm-none-eabi/14.3.1/../../../../arm-none-eabi/lib/thumb/v6-m/nofp\libc_nano.a(libc_a-freer.o)
__malloc_lock                                     C:/Program Files (x86)/Arm GNU Toolchain arm-none-eabi/14.3 rel1/bin/../lib/gcc/arm-none-eabi/14.3.1/../../../../arm-none-eabi/lib/thumb/v6-m/nofp\libc_nano.a(libc_a-mlock.o)
                                                  C:/Program Files (x86)/Arm GNU Toolchain arm-none-eabi/14.3 rel1/bin/../lib/gcc/arm-none-eabi/14.3.1/../../../../arm-none-eabi/lib/thumb/v6-m/nofp\libc_nano.a(libc_a-mallocr.o)
                                                  C:/Program Files (x86)/Arm GNU Toolchain arm-none-eabi/14.3 rel1/bin/../lib/gcc/arm-none-eabi/14.3.1/../../../../arm-none-eabi/lib/thumb/v6-m/nofp\libc_nano.a(libc_a-freer.o)
__malloc_sbrk_start                               C:/Program Files (x86)/Arm GNU Toolchain arm-none-eabi/14.3 rel1/bin/../lib/gcc/arm-none-eabi/14.3.1/../../../../arm-none-eabi/lib/thumb/v6-m/nofp\libc_nano.a(libc_a-mallocr.o)
__malloc_unlock                                   C:/Program Files (x86)/Arm GNU Toolchain arm-none-eabi/14.3 rel1/bin/../lib/gcc/arm-none-eabi/14.3.1/../../../../arm-none-eabi/lib/thumb/v6-m/nofp\libc_nano.a(libc_a-mlock.o)
                                                  C:/Program Files (x86)/Arm GNU Toolchain arm-none-eabi/14.3 rel1/bin/../lib/gcc/arm-none-eabi/14.3.1/../../../../arm-none-eabi/lib/thumb/v6-m/nofp\libc_nano.a(libc_a-mallocr.o)
                                                  C:/Program Files (x86)/Arm GNU Toolchain arm-none-eabi/14.3 rel1/bin/../lib/gcc/arm-none-eabi/14.3.1/../../../../arm-none-eabi/lib/thumb/v6-m/nofp\libc_nano.a(libc_a-freer.o)
__preinit_array_end                               C:/Program Files (x86)/Arm GNU Toolchain arm-none-eabi/14.3 rel1/bin/../lib/gcc/arm-none-eabi/14.3.1/../../../../arm-none-eabi/lib/thumb/v6-m/nofp\libc_nano.a(libc_a-init.o)
__preinit_array_start                             C:/Program Files (x86)/Arm GNU Toolchain arm-none-eabi/14.3 rel1/bin/../lib/gcc/arm-none-eabi/14.3.1/../../../../arm-none-eabi/lib/thumb/v6-m/nofp\libc_nano.a(libc_a-init.o)
__register_frame_info                             C:/Program Files (x86)/Arm GNU Toolchain arm-none-eabi/14.3 rel1/bin/../lib/gcc/arm-none-eabi/14.3.1/thumb/v6-m/nofp/crtbegin.o
__retarget_lock_acquire                           C:/Program Files (x86)/Arm GNU Toolchain arm-none-eabi/14.3 rel1/bin/../lib/gcc/arm-none-eabi/14.3.1/../../../../arm-none-eabi/lib/thumb/v6-m/nofp\libc_nano.a(libc_a-lock.o)
__retarget_lock_acquire_recursive                 C:/Program Files (x86)/Arm GNU Toolchain arm-none-eabi/14.3 rel1/bin/../lib/gcc/arm-none-eabi/14.3.1/../../../../arm-none-eabi/lib/thumb/v6-m/nofp\libc_nano.a(libc_a-lock.o)
                                                  C:/Program Files (x86)/Arm GNU Toolchain arm-none-eabi/14.3 rel1/bin/../lib/gcc/arm-none-eabi/14.3.1/../../../../arm-none-eabi/lib/thumb/v6-m/nofp\libc_nano.a(libc_a-fflush.o)
                                                  C:/Program Files (x86)/Arm GNU Toolchain arm-none-eabi/14.3 rel1/bin/../lib/gcc/arm-none-eabi/14.3.1/../../../../arm-none-eabi/lib/thumb/v6-m/nofp\libc_nano.a(libc_a-mlock.o)
                                                  C:/Program Files (x86)/Arm GNU Toolchain arm-none-eabi/14.3 rel1/bin/../lib/gcc/arm-none-eabi/14.3.1/../../../../arm-none-eabi/lib/thumb/v6-m/nofp\libc_nano.a(libc_a-setvbuf.o)
                                                  C:/Program Files (x86)/Arm GNU Toolchain arm-none-eabi/14.3 rel1/bin/../lib/gcc/arm-none-eabi/14.3.1/../../../../arm-none-eabi/lib/thumb/v6-m/nofp\libc_nano.a(libc_a-findfp.o)
__retarget_lock_close                             C:/Program Files (x86)/Arm GNU Toolchain arm-none-eabi/14.3 rel1/bin/../lib/gcc/arm-none-eabi/14.3.1/../../../../arm-none-eabi/lib/thumb/v6-m/nofp\libc_nano.a(libc_a-lock.o)
__retarget_lock_close_recursive                   C:/Program Files (x86)/Arm GNU Toolchain arm-none-eabi/14.3 rel1/bin/../lib/gcc/arm-none-eabi/14.3.1/../../../../arm-none-eabi/lib/thumb/v6-m/nofp\libc_nano.a(libc_a-lock.o)
__retarget_lock_init                              C:/Program Files (x86)/Arm GNU Toolchain arm-none-eabi/14.3 rel1/bin/../lib/gcc/arm-none-eabi/14.3.1/../../../../arm-none-eabi/lib/thumb/v6-m/nofp\libc_nano.a(libc_a-lock.o)
__retarget_lock_init_recursive                    C:/Program Files (x86)/Arm GNU Toolchain arm-none-eabi/14.3 rel1/bin/../lib/gcc/arm-none-eabi/14.3.1/../../../../arm-none-eabi/lib/thumb/v6-m/nofp\libc_nano.a(libc_a-lock.o)
                                                  C:/Program Files (x86)/Arm GNU Toolchain arm-none-eabi/14.3 rel1/bin/../lib/gcc/arm-none-eabi/14.3.1/../../../../arm-none-eabi/lib/thumb/v6-m/nofp\libc_nano.a(libc_a-findfp.o)
__retarget_lock_release                           C:/Program Files (x86)/Arm GNU Toolchain arm-none-eabi/14.3 rel1/bin/../lib/gcc/arm-none-eabi/14.3.1/../../../../arm-none-eabi/lib/thumb/v6-m/nofp\libc_nano.a(libc_a-lock.o)
__retarget_lock_release_recursive                 C:/Program Files (x86)/Arm GNU Toolchain arm-none-eabi/14.3 rel1/bin/../lib/gcc/arm-none-eabi/14.3.1/../../../../arm-none-eabi/lib/thumb/v6-m/nofp\libc_nano.a(libc_a-lock.o)
                                                  C:/Program Files (x86)/Arm GNU Toolchain arm-none-eabi/14.3 rel1/bin/../lib/gcc/arm-none-eabi/14.3.1/../../../../arm-none-eabi/lib/thumb/v6-m/nofp\libc_nano.a(libc_a-fflush.o)
                                                  C:/Program Files (x86)/Arm GNU Toolchain arm-none-eabi/14.3 rel1/bin/../lib/gcc/arm-none-eabi/14.3.1/../../../../arm-none-eabi/lib/thumb/v6-m/nofp\libc_nano.a(libc_a-mlock.o)
                                                  C:/Program Files (x86)/Arm GNU Toolchain arm-none-eabi/14.3 rel1/bin/../lib/gcc/arm-none-eabi/14.3.1/../../../../arm-none-eabi/lib/thumb/v6-m/nofp\libc_nano.a(libc_a-setvbuf.o)
                                                  C:/Program Files (x86)/Arm GNU Toolchain arm-none-eabi/14.3 rel1/bin/../lib/gcc/arm-none-eabi/14.3.1/../../../../arm-none-eabi/lib/thumb/v6-m/nofp\libc_nano.a(libc_a-findfp.o)
__retarget_lock_try_acquire                       C:/Program Files (x86)/Arm GNU Toolchain arm-none-eabi/14.3 rel1/bin/../lib/gcc/arm-none-eabi/14.3.1/../../../../arm-none-eabi/lib/thumb/v6-m/nofp\libc_nano.a(libc_a-lock.o)
__retarget_lock_try_acquire_recursive             C:/Program Files (x86)/Arm GNU Toolchain arm-none-eabi/14.3 rel1/bin/../lib/gcc/arm-none-eabi/14.3.1/../../../../arm-none-eabi/lib/thumb/v6-m/nofp\libc_nano.a(libc_a-lock.o)
__sclose                                          C:/Program Files (x86)/Arm GNU Toolchain arm-none-eabi/14.3 rel1/bin/../lib/gcc/arm-none-eabi/14.3.1/../../../../arm-none-eabi/lib/thumb/v6-m/nofp\libc_nano.a(libc_a-stdio.o)
                                                  C:/Program Files (x86)/Arm GNU Toolchain arm-none-eabi/14.3 rel1/bin/../lib/gcc/arm-none-eabi/14.3.1/../../../../arm-none-eabi/lib/thumb/v6-m/nofp\libc_nano.a(libc_a-findfp.o)
__seofread                                        C:/Program Files (x86)/Arm GNU Toolchain arm-none-eabi/14.3 rel1/bin/../lib/gcc/arm-none-eabi/14.3.1/../../../../arm-none-eabi/lib/thumb/v6-m/nofp\libc_nano.a(libc_a-stdio.o)
__sf                                              C:/Program Files (x86)/Arm GNU Toolchain arm-none-eabi/14.3 rel1/bin/../lib/gcc/arm-none-eabi/14.3.1/../../../../arm-none-eabi/lib/thumb/v6-m/nofp\libc_nano.a(libc_a-findfp.o)
                                                  C:/Program Files (x86)/Arm GNU Toolchain arm-none-eabi/14.3 rel1/bin/../lib/gcc/arm-none-eabi/14.3.1/../../../../arm-none-eabi/lib/thumb/v6-m/nofp\libc_nano.a(libc_a-impure.o)
__sflush_r                                        C:/Program Files (x86)/Arm GNU Toolchain arm-none-eabi/14.3 rel1/bin/../lib/gcc/arm-none-eabi/14.3.1/../../../../arm-none-eabi/lib/thumb/v6-m/nofp\libc_nano.a(libc_a-fflush.o)
__sfp                                             C:/Program Files (x86)/Arm GNU Toolchain arm-none-eabi/14.3 rel1/bin/../lib/gcc/arm-none-eabi/14.3.1/../../../../arm-none-eabi/lib/thumb/v6-m/nofp\libc_nano.a(libc_a-findfp.o)
__sfp_lock_acquire                                C:/Program Files (x86)/Arm GNU Toolchain arm-none-eabi/14.3 rel1/bin/../lib/gcc/arm-none-eabi/14.3.1/../../../../arm-none-eabi/lib/thumb/v6-m/nofp\libc_nano.a(libc_a-findfp.o)
__sfp_lock_release                                C:/Program Files (x86)/Arm GNU Toolchain arm-none-eabi/14.3 rel1/bin/../lib/gcc/arm-none-eabi/14.3.1/../../../../arm-none-eabi/lib/thumb/v6-m/nofp\libc_nano.a(libc_a-findfp.o)
__sglue                                           C:/Program Files (x86)/Arm GNU Toolchain arm-none-eabi/14.3 rel1/bin/../lib/gcc/arm-none-eabi/14.3.1/../../../../arm-none-eabi/lib/thumb/v6-m/nofp\libc_nano.a(libc_a-findfp.o)
                                                  C:/Program Files (x86)/Arm GNU Toolchain arm-none-eabi/14.3 rel1/bin/../lib/gcc/arm-none-eabi/14.3.1/../../../../arm-none-eabi/lib/thumb/v6-m/nofp\libc_nano.a(libc_a-fflush.o)
__sinit                                           C:/Program Files (x86)/Arm GNU Toolchain arm-none-eabi/14.3 rel1/bin/../lib/gcc/arm-none-eabi/14.3.1/../../../../arm-none-eabi/lib/thumb/v6-m/nofp\libc_nano.a(libc_a-findfp.o)
                                                  C:/Program Files (x86)/Arm GNU Toolchain arm-none-eabi/14.3 rel1/bin/../lib/gcc/arm-none-eabi/14.3.1/../../../../arm-none-eabi/lib/thumb/v6-m/nofp\libc_nano.a(libc_a-fflush.o)
                                                  C:/Program Files (x86)/Arm GNU Toolchain arm-none-eabi/14.3 rel1/bin/../lib/gcc/arm-none-eabi/14.3.1/../../../../arm-none-eabi/lib/thumb/v6-m/nofp\libc_nano.a(libc_a-setvbuf.o)
__smakebuf_r                                      C:/Program Files (x86)/Arm GNU Toolchain arm-none-eabi/14.3 rel1/bin/../lib/gcc/arm-none-eabi/14.3.1/../../../../arm-none-eabi/lib/thumb/v6-m/nofp\libc_nano.a(libc_a-makebuf.o)
__sread                                           C:/Program Files (x86)/Arm GNU Toolchain arm-none-eabi/14.3 rel1/bin/../lib/gcc/arm-none-eabi/14.3.1/../../../../arm-none-eabi/lib/thumb/v6-m/nofp\libc_nano.a(libc_a-stdio.o)
                                                  C:/Program Files (x86)/Arm GNU Toolchain arm-none-eabi/14.3 rel1/bin/../lib/gcc/arm-none-eabi/14.3.1/../../../../arm-none-eabi/lib/thumb/v6-m/nofp\libc_nano.a(libc_a-findfp.o)
__sseek                                           C:/Program Files (x86)/Arm GNU Toolchain arm-none-eabi/14.3 rel1/bin/../lib/gcc/arm-none-eabi/14.3.1/../../../../arm-none-eabi/lib/thumb/v6-m/nofp\libc_nano.a(libc_a-stdio.o)
                                                  C:/Program Files (x86)/Arm GNU Toolchain arm-none-eabi/14.3 rel1/bin/../lib/gcc/arm-none-eabi/14.3.1/../../../../arm-none-eabi/lib/thumb/v6-m/nofp\libc_nano.a(libc_a-findfp.o)
__stack                                           C:/Program Files (x86)/Arm GNU Toolchain arm-none-eabi/14.3 rel1/bin/../lib/gcc/arm-none-eabi/14.3.1/../../../../arm-none-eabi/lib/thumb/v6-m/nofp/crt0.o
__stdio_exit_handler                              C:/Program Files (x86)/Arm GNU Toolchain arm-none-eabi/14.3 rel1/bin/../lib/gcc/arm-none-eabi/14.3.1/../../../../arm-none-eabi/lib/thumb/v6-m/nofp\libc_nano.a(libc_a-findfp.o)
                                                  C:/Program Files (x86)/Arm GNU Toolchain arm-none-eabi/14.3 rel1/bin/../lib/gcc/arm-none-eabi/14.3.1/../../../../arm-none-eabi/lib/thumb/v6-m/nofp\libc_nano.a(libc_a-exit.o)
__swhatbuf_r                                      C:/Program Files (x86)/Arm GNU Toolchain arm-none-eabi/14.3 rel1/bin/../lib/gcc/arm-none-eabi/14.3.1/../../../../arm-none-eabi/lib/thumb/v6-m/nofp\libc_nano.a(libc_a-makebuf.o)
                                                  C:/Program Files (x86)/Arm GNU Toolchain arm-none-eabi/14.3 rel1/bin/../lib/gcc/arm-none-eabi/14.3.1/../../../../arm-none-eabi/lib/thumb/v6-m/nofp\libc_nano.a(libc_a-setvbuf.o)
__swrite                                          C:/Program Files (x86)/Arm GNU Toolchain arm-none-eabi/14.3 rel1/bin/../lib/gcc/arm-none-eabi/14.3.1/../../../../arm-none-eabi/lib/thumb/v6-m/nofp\libc_nano.a(libc_a-stdio.o)
                                                  C:/Program Files (x86)/Arm GNU Toolchain arm-none-eabi/14.3 rel1/bin/../lib/gcc/arm-none-eabi/14.3.1/../../../../arm-none-eabi/lib/thumb/v6-m/nofp\libc_nano.a(libc_a-findfp.o)
__udivsi3                                         C:/Program Files (x86)/Arm GNU Toolchain arm-none-eabi/14.3 rel1/bin/../lib/gcc/arm-none-eabi/14.3.1/thumb/v6-m/nofp\libgcc.a(_udivsi3.o)
_close                                            C:/Program Files (x86)/Arm GNU Toolchain arm-none-eabi/14.3 rel1/bin/../lib/gcc/arm-none-eabi/14.3.1/../../../../arm-none-eabi/lib/thumb/v6-m/nofp\libnosys.a(close.o)
                                                  C:/Program Files (x86)/Arm GNU Toolchain arm-none-eabi/14.3 rel1/bin/../lib/gcc/arm-none-eabi/14.3.1/../../../../arm-none-eabi/lib/thumb/v6-m/nofp\libc_nano.a(libc_a-closer.o)
_close_r                                          C:/Program Files (x86)/Arm GNU Toolchain arm-none-eabi/14.3 rel1/bin/../lib/gcc/arm-none-eabi/14.3.1/../../../../arm-none-eabi/lib/thumb/v6-m/nofp\libc_nano.a(libc_a-closer.o)
                                                  C:/Program Files (x86)/Arm GNU Toolchain arm-none-eabi/14.3 rel1/bin/../lib/gcc/arm-none-eabi/14.3.1/../../../../arm-none-eabi/lib/thumb/v6-m/nofp\libc_nano.a(libc_a-stdio.o)
_ebss                                             Project/startup_py32f002bxx.o
_edata                                            Project/startup_py32f002bxx.o
_estack                                           Project/startup_py32f002bxx.o
_exit                                             C:/Program Files (x86)/Arm GNU Toolchain arm-none-eabi/14.3 rel1/bin/../lib/gcc/arm-none-eabi/14.3.1/../../../../arm-none-eabi/lib/thumb/v6-m/nofp\libnosys.a(_exit.o)
                                                  C:/Program Files (x86)/Arm GNU Toolchain arm-none-eabi/14.3 rel1/bin/../lib/gcc/arm-none-eabi/14.3.1/../../../../arm-none-eabi/lib/thumb/v6-m/nofp\libc_nano.a(libc_a-exit.o)
_fflush_r                                         C:/Program Files (x86)/Arm GNU Toolchain arm-none-eabi/14.3 rel1/bin/../lib/gcc/arm-none-eabi/14.3.1/../../../../arm-none-eabi/lib/thumb/v6-m/nofp\libc_nano.a(libc_a-fflush.o)
                                                  C:/Program Files (x86)/Arm GNU Toolchain arm-none-eabi/14.3 rel1/bin/../lib/gcc/arm-none-eabi/14.3.1/../../../../arm-none-eabi/lib/thumb/v6-m/nofp\libc_nano.a(libc_a-setvbuf.o)
                                                  C:/Program Files (x86)/Arm GNU Toolchain arm-none-eabi/14.3 rel1/bin/../lib/gcc/arm-none-eabi/14.3.1/../../../../arm-none-eabi/lib/thumb/v6-m/nofp\libc_nano.a(libc_a-findfp.o)
_fini                                             C:/Program Files (x86)/Arm GNU Toolchain arm-none-eabi/14.3 rel1/bin/../lib/gcc/arm-none-eabi/14.3.1/thumb/v6-m/nofp/crti.o
_free_r                                           C:/Program Files (x86)/Arm GNU Toolchain arm-none-eabi/14.3 rel1/bin/../lib/gcc/arm-none-eabi/14.3.1/../../../../arm-none-eabi/lib/thumb/v6-m/nofp\libc_nano.a(libc_a-freer.o)
                                                  C:/Program Files (x86)/Arm GNU Toolchain arm-none-eabi/14.3 rel1/bin/../lib/gcc/arm-none-eabi/14.3.1/../../../../arm-none-eabi/lib/thumb/v6-m/nofp\libc_nano.a(libc_a-fflush.o)
                                                  C:/Program Files (x86)/Arm GNU Toolchain arm-none-eabi/14.3 rel1/bin/../lib/gcc/arm-none-eabi/14.3.1/../../../../arm-none-eabi/lib/thumb/v6-m/nofp\libc_nano.a(libc_a-malloc.o)
                                                  C:/Program Files (x86)/Arm GNU Toolchain arm-none-eabi/14.3 rel1/bin/../lib/gcc/arm-none-eabi/14.3.1/../../../../arm-none-eabi/lib/thumb/v6-m/nofp\libc_nano.a(libc_a-reent.o)
                                                  C:/Program Files (x86)/Arm GNU Toolchain arm-none-eabi/14.3 rel1/bin/../lib/gcc/arm-none-eabi/14.3.1/../../../../arm-none-eabi/lib/thumb/v6-m/nofp\libc_nano.a(libc_a-setvbuf.o)
_fstat                                            C:/Program Files (x86)/Arm GNU Toolchain arm-none-eabi/14.3 rel1/bin/../lib/gcc/arm-none-eabi/14.3.1/../../../../arm-none-eabi/lib/thumb/v6-m/nofp\libnosys.a(fstat.o)
                                                  C:/Program Files (x86)/Arm GNU Toolchain arm-none-eabi/14.3 rel1/bin/../lib/gcc/arm-none-eabi/14.3.1/../../../../arm-none-eabi/lib/thumb/v6-m/nofp\libc_nano.a(libc_a-fstatr.o)
_fstat_r                                          C:/Program Files (x86)/Arm GNU Toolchain arm-none-eabi/14.3 rel1/bin/../lib/gcc/arm-none-eabi/14.3.1/../../../../arm-none-eabi/lib/thumb/v6-m/nofp\libc_nano.a(libc_a-fstatr.o)
                                                  C:/Program Files (x86)/Arm GNU Toolchain arm-none-eabi/14.3 rel1/bin/../lib/gcc/arm-none-eabi/14.3.1/../../../../arm-none-eabi/lib/thumb/v6-m/nofp\libc_nano.a(libc_a-makebuf.o)
_fwalk_sglue                                      C:/Program Files (x86)/Arm GNU Toolchain arm-none-eabi/14.3 rel1/bin/../lib/gcc/arm-none-eabi/14.3.1/../../../../arm-none-eabi/lib/thumb/v6-m/nofp\libc_nano.a(libc_a-fwalk.o)
                                                  C:/Program Files (x86)/Arm GNU Toolchain arm-none-eabi/14.3 rel1/bin/../lib/gcc/arm-none-eabi/14.3.1/../../../../arm-none-eabi/lib/thumb/v6-m/nofp\libc_nano.a(libc_a-fflush.o)
                                                  C:/Program Files (x86)/Arm GNU Toolchain arm-none-eabi/14.3 rel1/bin/../lib/gcc/arm-none-eabi/14.3.1/../../../../arm-none-eabi/lib/thumb/v6-m/nofp\libc_nano.a(libc_a-findfp.o)
_impure_data                                      C:/Program Files (x86)/Arm GNU Toolchain arm-none-eabi/14.3 rel1/bin/../lib/gcc/arm-none-eabi/14.3.1/../../../../arm-none-eabi/lib/thumb/v6-m/nofp\libc_nano.a(libc_a-impure.o)
                                                  C:/Program Files (x86)/Arm GNU Toolchain arm-none-eabi/14.3 rel1/bin/../lib/gcc/arm-none-eabi/14.3.1/../../../../arm-none-eabi/lib/thumb/v6-m/nofp\libc_nano.a(libc_a-fflush.o)
                                                  C:/Program Files (x86)/Arm GNU Toolchain arm-none-eabi/14.3 rel1/bin/../lib/gcc/arm-none-eabi/14.3.1/../../../../arm-none-eabi/lib/thumb/v6-m/nofp\libc_nano.a(libc_a-findfp.o)
_impure_ptr                                       C:/Program Files (x86)/Arm GNU Toolchain arm-none-eabi/14.3 rel1/bin/../lib/gcc/arm-none-eabi/14.3.1/../../../../arm-none-eabi/lib/thumb/v6-m/nofp\libc_nano.a(libc_a-impure.o)
                                                  C:/Program Files (x86)/Arm GNU Toolchain arm-none-eabi/14.3 rel1/bin/../lib/gcc/arm-none-eabi/14.3.1/../../../../arm-none-eabi/lib/thumb/v6-m/nofp\libc_nano.a(libc_a-fflush.o)
                                                  C:/Program Files (x86)/Arm GNU Toolchain arm-none-eabi/14.3 rel1/bin/../lib/gcc/arm-none-eabi/14.3.1/../../../../arm-none-eabi/lib/thumb/v6-m/nofp\libc_nano.a(libc_a-malloc.o)
                                                  C:/Program Files (x86)/Arm GNU Toolchain arm-none-eabi/14.3 rel1/bin/../lib/gcc/arm-none-eabi/14.3.1/../../../../arm-none-eabi/lib/thumb/v6-m/nofp\libc_nano.a(libc_a-reent.o)
                                                  C:/Program Files (x86)/Arm GNU Toolchain arm-none-eabi/14.3 rel1/bin/../lib/gcc/arm-none-eabi/14.3.1/../../../../arm-none-eabi/lib/thumb/v6-m/nofp\libc_nano.a(libc_a-setvbuf.o)
                                                  Project/py32f002bxx_Start_Kit.o
_init                                             C:/Program Files (x86)/Arm GNU Toolchain arm-none-eabi/14.3 rel1/bin/../lib/gcc/arm-none-eabi/14.3.1/thumb/v6-m/nofp/crti.o
                                                  C:/Program Files (x86)/Arm GNU Toolchain arm-none-eabi/14.3 rel1/bin/../lib/gcc/arm-none-eabi/14.3.1/../../../../arm-none-eabi/lib/thumb/v6-m/nofp\libc_nano.a(libc_a-init.o)
_isatty                                           C:/Program Files (x86)/Arm GNU Toolchain arm-none-eabi/14.3 rel1/bin/../lib/gcc/arm-none-eabi/14.3.1/../../../../arm-none-eabi/lib/thumb/v6-m/nofp\libnosys.a(isatty.o)
                                                  C:/Program Files (x86)/Arm GNU Toolchain arm-none-eabi/14.3 rel1/bin/../lib/gcc/arm-none-eabi/14.3.1/../../../../arm-none-eabi/lib/thumb/v6-m/nofp\libc_nano.a(libc_a-isattyr.o)
_isatty_r                                         C:/Program Files (x86)/Arm GNU Toolchain arm-none-eabi/14.3 rel1/bin/../lib/gcc/arm-none-eabi/14.3.1/../../../../arm-none-eabi/lib/thumb/v6-m/nofp\libc_nano.a(libc_a-isattyr.o)
                                                  C:/Program Files (x86)/Arm GNU Toolchain arm-none-eabi/14.3 rel1/bin/../lib/gcc/arm-none-eabi/14.3.1/../../../../arm-none-eabi/lib/thumb/v6-m/nofp\libc_nano.a(libc_a-makebuf.o)
_lseek                                            C:/Program Files (x86)/Arm GNU Toolchain arm-none-eabi/14.3 rel1/bin/../lib/gcc/arm-none-eabi/14.3.1/../../../../arm-none-eabi/lib/thumb/v6-m/nofp\libnosys.a(lseek.o)
                                                  C:/Program Files (x86)/Arm GNU Toolchain arm-none-eabi/14.3 rel1/bin/../lib/gcc/arm-none-eabi/14.3.1/../../../../arm-none-eabi/lib/thumb/v6-m/nofp\libc_nano.a(libc_a-lseekr.o)
_lseek_r                                          C:/Program Files (x86)/Arm GNU Toolchain arm-none-eabi/14.3 rel1/bin/../lib/gcc/arm-none-eabi/14.3.1/../../../../arm-none-eabi/lib/thumb/v6-m/nofp\libc_nano.a(libc_a-lseekr.o)
                                                  C:/Program Files (x86)/Arm GNU Toolchain arm-none-eabi/14.3 rel1/bin/../lib/gcc/arm-none-eabi/14.3.1/../../../../arm-none-eabi/lib/thumb/v6-m/nofp\libc_nano.a(libc_a-stdio.o)
_mainCRTStartup                                   C:/Program Files (x86)/Arm GNU Toolchain arm-none-eabi/14.3 rel1/bin/../lib/gcc/arm-none-eabi/14.3.1/../../../../arm-none-eabi/lib/thumb/v6-m/nofp/crt0.o
_malloc_r                                         C:/Program Files (x86)/Arm GNU Toolchain arm-none-eabi/14.3 rel1/bin/../lib/gcc/arm-none-eabi/14.3.1/../../../../arm-none-eabi/lib/thumb/v6-m/nofp\libc_nano.a(libc_a-mallocr.o)
                                                  C:/Program Files (x86)/Arm GNU Toolchain arm-none-eabi/14.3 rel1/bin/../lib/gcc/arm-none-eabi/14.3.1/../../../../arm-none-eabi/lib/thumb/v6-m/nofp\libc_nano.a(libc_a-makebuf.o)
                                                  C:/Program Files (x86)/Arm GNU Toolchain arm-none-eabi/14.3 rel1/bin/../lib/gcc/arm-none-eabi/14.3.1/../../../../arm-none-eabi/lib/thumb/v6-m/nofp\libc_nano.a(libc_a-malloc.o)
                                                  C:/Program Files (x86)/Arm GNU Toolchain arm-none-eabi/14.3 rel1/bin/../lib/gcc/arm-none-eabi/14.3.1/../../../../arm-none-eabi/lib/thumb/v6-m/nofp\libc_nano.a(libc_a-findfp.o)
_read                                             C:/Program Files (x86)/Arm GNU Toolchain arm-none-eabi/14.3 rel1/bin/../lib/gcc/arm-none-eabi/14.3.1/../../../../arm-none-eabi/lib/thumb/v6-m/nofp\libnosys.a(read.o)
                                                  C:/Program Files (x86)/Arm GNU Toolchain arm-none-eabi/14.3 rel1/bin/../lib/gcc/arm-none-eabi/14.3.1/../../../../arm-none-eabi/lib/thumb/v6-m/nofp\libc_nano.a(libc_a-readr.o)
_read_r                                           C:/Program Files (x86)/Arm GNU Toolchain arm-none-eabi/14.3 rel1/bin/../lib/gcc/arm-none-eabi/14.3.1/../../../../arm-none-eabi/lib/thumb/v6-m/nofp\libc_nano.a(libc_a-readr.o)
                                                  C:/Program Files (x86)/Arm GNU Toolchain arm-none-eabi/14.3 rel1/bin/../lib/gcc/arm-none-eabi/14.3.1/../../../../arm-none-eabi/lib/thumb/v6-m/nofp\libc_nano.a(libc_a-stdio.o)
_reclaim_reent                                    C:/Program Files (x86)/Arm GNU Toolchain arm-none-eabi/14.3 rel1/bin/../lib/gcc/arm-none-eabi/14.3.1/../../../../arm-none-eabi/lib/thumb/v6-m/nofp\libc_nano.a(libc_a-reent.o)
_sbrk                                             C:/Program Files (x86)/Arm GNU Toolchain arm-none-eabi/14.3 rel1/bin/../lib/gcc/arm-none-eabi/14.3.1/../../../../arm-none-eabi/lib/thumb/v6-m/nofp\libnosys.a(sbrk.o)
                                                  C:/Program Files (x86)/Arm GNU Toolchain arm-none-eabi/14.3 rel1/bin/../lib/gcc/arm-none-eabi/14.3.1/../../../../arm-none-eabi/lib/thumb/v6-m/nofp\libc_nano.a(libc_a-sbrkr.o)
_sbrk_r                                           C:/Program Files (x86)/Arm GNU Toolchain arm-none-eabi/14.3 rel1/bin/../lib/gcc/arm-none-eabi/14.3.1/../../../../arm-none-eabi/lib/thumb/v6-m/nofp\libc_nano.a(libc_a-sbrkr.o)
                                                  C:/Program Files (x86)/Arm GNU Toolchain arm-none-eabi/14.3 rel1/bin/../lib/gcc/arm-none-eabi/14.3.1/../../../../arm-none-eabi/lib/thumb/v6-m/nofp\libc_nano.a(libc_a-mallocr.o)
_sbss                                             Project/startup_py32f002bxx.o
_sdata                                            Project/startup_py32f002bxx.o
_sidata                                           Project/startup_py32f002bxx.o
_stack_init                                       C:/Program Files (x86)/Arm GNU Toolchain arm-none-eabi/14.3 rel1/bin/../lib/gcc/arm-none-eabi/14.3.1/../../../../arm-none-eabi/lib/thumb/v6-m/nofp/crt0.o
_start                                            C:/Program Files (x86)/Arm GNU Toolchain arm-none-eabi/14.3 rel1/bin/../lib/gcc/arm-none-eabi/14.3.1/../../../../arm-none-eabi/lib/thumb/v6-m/nofp/crt0.o
_write                                            Project/py32f002bxx_Start_Kit.o
                                                  C:/Program Files (x86)/Arm GNU Toolchain arm-none-eabi/14.3 rel1/bin/../lib/gcc/arm-none-eabi/14.3.1/../../../../arm-none-eabi/lib/thumb/v6-m/nofp\libc_nano.a(libc_a-writer.o)
_write_r                                          C:/Program Files (x86)/Arm GNU Toolchain arm-none-eabi/14.3 rel1/bin/../lib/gcc/arm-none-eabi/14.3.1/../../../../arm-none-eabi/lib/thumb/v6-m/nofp\libc_nano.a(libc_a-writer.o)