ARM GAS  C:\Users\Gautam\AppData\Local\Temp\ccJN08Qz.s 			page 1


   1              		.cpu cortex-m0plus
   2              		.arch armv6s-m
   3              		.fpu softvfp
   4              		.eabi_attribute 20, 1
   5              		.eabi_attribute 21, 1
   6              		.eabi_attribute 23, 3
   7              		.eabi_attribute 24, 1
   8              		.eabi_attribute 25, 1
   9              		.eabi_attribute 26, 1
  10              		.eabi_attribute 30, 1
  11              		.eabi_attribute 34, 0
  12              		.eabi_attribute 18, 4
  13              		.file	"py32f002b_hal_msp.c"
  14              		.text
  15              	.Ltext0:
  16              		.cfi_sections	.debug_frame
  17              		.file 1 "../Src/py32f002b_hal_msp.c"
  18              		.section	.text.HAL_MspInit,"ax",%progbits
  19              		.align	1
  20              		.global	HAL_MspInit
  21              		.syntax unified
  22              		.code	16
  23              		.thumb_func
  25              	HAL_MspInit:
  26              	.LFB37:
   1:../Src/py32f002b_hal_msp.c **** /**
   2:../Src/py32f002b_hal_msp.c ****   ******************************************************************************
   3:../Src/py32f002b_hal_msp.c ****   * @file    py32f002b_hal_msp.c
   4:../Src/py32f002b_hal_msp.c ****   * @author  MCU Application Team
   5:../Src/py32f002b_hal_msp.c ****   * @brief   This file provides code for the MSP Initialization
   6:../Src/py32f002b_hal_msp.c ****   *          and de-Initialization codes.
   7:../Src/py32f002b_hal_msp.c ****   ******************************************************************************
   8:../Src/py32f002b_hal_msp.c ****   * @attention
   9:../Src/py32f002b_hal_msp.c ****   *
  10:../Src/py32f002b_hal_msp.c ****   * <h2><center>&copy; Copyright (c) 2023 Puya Semiconductor Co.
  11:../Src/py32f002b_hal_msp.c ****   * All rights reserved.</center></h2>
  12:../Src/py32f002b_hal_msp.c ****   *
  13:../Src/py32f002b_hal_msp.c ****   * This software component is licensed by Puya under BSD 3-Clause license,
  14:../Src/py32f002b_hal_msp.c ****   * the "License"; You may not use this file except in compliance with the
  15:../Src/py32f002b_hal_msp.c ****   * License. You may obtain a copy of the License at:
  16:../Src/py32f002b_hal_msp.c ****   *                        opensource.org/licenses/BSD-3-Clause
  17:../Src/py32f002b_hal_msp.c ****   *
  18:../Src/py32f002b_hal_msp.c ****   ******************************************************************************
  19:../Src/py32f002b_hal_msp.c ****   * @attention
  20:../Src/py32f002b_hal_msp.c ****   *
  21:../Src/py32f002b_hal_msp.c ****   * <h2><center>&copy; Copyright (c) 2016 STMicroelectronics.
  22:../Src/py32f002b_hal_msp.c ****   * All rights reserved.</center></h2>
  23:../Src/py32f002b_hal_msp.c ****   *
  24:../Src/py32f002b_hal_msp.c ****   * This software component is licensed by ST under BSD 3-Clause license,
  25:../Src/py32f002b_hal_msp.c ****   * the "License"; You may not use this file except in compliance with the
  26:../Src/py32f002b_hal_msp.c ****   * License. You may obtain a copy of the License at:
  27:../Src/py32f002b_hal_msp.c ****   *                        opensource.org/licenses/BSD-3-Clause
  28:../Src/py32f002b_hal_msp.c ****   *
  29:../Src/py32f002b_hal_msp.c ****   ******************************************************************************
  30:../Src/py32f002b_hal_msp.c ****   */
  31:../Src/py32f002b_hal_msp.c **** 
  32:../Src/py32f002b_hal_msp.c **** /* Includes ------------------------------------------------------------------*/
ARM GAS  C:\Users\Gautam\AppData\Local\Temp\ccJN08Qz.s 			page 2


  33:../Src/py32f002b_hal_msp.c **** #include "main.h"
  34:../Src/py32f002b_hal_msp.c **** 
  35:../Src/py32f002b_hal_msp.c **** /* Private typedef -----------------------------------------------------------*/
  36:../Src/py32f002b_hal_msp.c **** /* Private define ------------------------------------------------------------*/
  37:../Src/py32f002b_hal_msp.c **** /* Private macro -------------------------------------------------------------*/
  38:../Src/py32f002b_hal_msp.c **** /* Private variables ---------------------------------------------------------*/
  39:../Src/py32f002b_hal_msp.c **** /* Private function prototypes -----------------------------------------------*/
  40:../Src/py32f002b_hal_msp.c **** /* External functions --------------------------------------------------------*/
  41:../Src/py32f002b_hal_msp.c **** 
  42:../Src/py32f002b_hal_msp.c **** /**
  43:../Src/py32f002b_hal_msp.c ****   * @brief Initialize global MSP.
  44:../Src/py32f002b_hal_msp.c ****   */
  45:../Src/py32f002b_hal_msp.c **** void HAL_MspInit(void)
  46:../Src/py32f002b_hal_msp.c **** {
  27              		.loc 1 46 1 view -0
  28              		.cfi_startproc
  29              		@ args = 0, pretend = 0, frame = 8
  30              		@ frame_needed = 0, uses_anonymous_args = 0
  31              		@ link register save eliminated.
  32 0000 82B0     		sub	sp, sp, #8
  33              	.LCFI0:
  34              		.cfi_def_cfa_offset 8
  47:../Src/py32f002b_hal_msp.c ****   __HAL_RCC_SYSCFG_CLK_ENABLE();
  35              		.loc 1 47 3 view .LVU1
  36              	.LBB2:
  37              		.loc 1 47 3 view .LVU2
  38              		.loc 1 47 3 view .LVU3
  39 0002 0A4B     		ldr	r3, .L2
  40 0004 196C     		ldr	r1, [r3, #64]
  41 0006 0122     		movs	r2, #1
  42 0008 1143     		orrs	r1, r2
  43 000a 1964     		str	r1, [r3, #64]
  44              		.loc 1 47 3 view .LVU4
  45 000c 196C     		ldr	r1, [r3, #64]
  46 000e 0A40     		ands	r2, r1
  47 0010 0092     		str	r2, [sp]
  48              		.loc 1 47 3 view .LVU5
  49 0012 009A     		ldr	r2, [sp]
  50              	.LBE2:
  51              		.loc 1 47 3 view .LVU6
  48:../Src/py32f002b_hal_msp.c ****   __HAL_RCC_PWR_CLK_ENABLE();
  52              		.loc 1 48 3 view .LVU7
  53              	.LBB3:
  54              		.loc 1 48 3 view .LVU8
  55              		.loc 1 48 3 view .LVU9
  56 0014 DA6B     		ldr	r2, [r3, #60]
  57 0016 8021     		movs	r1, #128
  58 0018 4905     		lsls	r1, r1, #21
  59 001a 0A43     		orrs	r2, r1
  60 001c DA63     		str	r2, [r3, #60]
  61              		.loc 1 48 3 view .LVU10
  62 001e DB6B     		ldr	r3, [r3, #60]
  63 0020 0B40     		ands	r3, r1
  64 0022 0193     		str	r3, [sp, #4]
  65              		.loc 1 48 3 view .LVU11
  66 0024 019B     		ldr	r3, [sp, #4]
  67              	.LBE3:
ARM GAS  C:\Users\Gautam\AppData\Local\Temp\ccJN08Qz.s 			page 3


  68              		.loc 1 48 3 view .LVU12
  49:../Src/py32f002b_hal_msp.c **** }
  69              		.loc 1 49 1 is_stmt 0 view .LVU13
  70 0026 02B0     		add	sp, sp, #8
  71              		@ sp needed
  72 0028 7047     		bx	lr
  73              	.L3:
  74 002a C046     		.align	2
  75              	.L2:
  76 002c 00100240 		.word	1073876992
  77              		.cfi_endproc
  78              	.LFE37:
  80              		.text
  81              	.Letext0:
  82              		.file 2 "C:/Program Files (x86)/Arm GNU Toolchain arm-none-eabi/14.3 rel1/arm-none-eabi/include/ma
  83              		.file 3 "C:/Program Files (x86)/Arm GNU Toolchain arm-none-eabi/14.3 rel1/arm-none-eabi/include/sy
  84              		.file 4 "../../../PY32F002B_Firmware_V1.2.1/PY32F002B_Firmware_V1.2.1/Drivers/CMSIS/Device/PY32F0x
ARM GAS  C:\Users\Gautam\AppData\Local\Temp\ccJN08Qz.s 			page 4


DEFINED SYMBOLS
                            *ABS*:00000000 py32f002b_hal_msp.c
C:\Users\Gautam\AppData\Local\Temp\ccJN08Qz.s:19     .text.HAL_MspInit:00000000 $t
C:\Users\Gautam\AppData\Local\Temp\ccJN08Qz.s:25     .text.HAL_MspInit:00000000 HAL_MspInit
C:\Users\Gautam\AppData\Local\Temp\ccJN08Qz.s:76     .text.HAL_MspInit:0000002c $d

NO UNDEFINED SYMBOLS
